
C1:80000000
C2
?
C3h
hwsetting size: 00000738
C4
f 
5-5
s_f
5-5-2
Goto FSBL: 0x10100000
Welcome to FSBL ...
[FSBL] Warm Boot: 0x00000000
[FSBL] Secure: 0x0000BEEE
[FSBL] Flash Type: 0x00000001
[FSBL] DCache Enable: 0x00000000
********** FW_TYPE_BOOTCODE **********
    FW Image to 0x00020000, size=0x0005A760 (0x0007A760)
    FW Image fr 0x88121000 
md copy audio bin
j 64b


U-Boot 2015.07 (Oct 30 2019 - 12:11:10 +0800)

CPU  : Cortex-A53 Quad Core - AARCH64
Board: Realtek QA Board
DRAM:  1 GiB
Watchdog: Disabled
mapping memory 0x20000000-0x40000000 non-cached
flushing dcache successfully.
nor flash id [0x00ef4018]
sector 256k en: 0
sector  64k en: 1
sector  32k en: 1
sector   4k en: 1
page_program  : 1
max capacity  : 0x01000000
spi type name : WINBOND_W325Q128BV_128Mbit
Factory: NOR
*** rtkspi_read32 345, tar 0x078800b0, src 0x88110000, len 0x00000200
*** rtkspi_read32 345, tar 0x078802c0, src 0x88112800, len 0x00000200
*** rtkspi_read32 345, tar 0x078800b0, src 0x88118000, len 0x00000200
*** rtkspi_read32 345, tar 0x07000000, src 0x88110000, len 0x00002800
Factory: pp:0, seq#:0x1, size:0x2800
------------tmp/factory/000BootParam.h found
[logo]src w/h=1920/1080 dst w/h=3840/2160
*** rtkspi_read32_md 422, tar 0x000eff9c, src 0x88100000, len 0x00000008
*** rtkspi_read32_md 422, tar 0x000effa0, src 0x88100000, len 0x00010000
In:    serial
Out:   serial
Err:   serial
HDMITx_HPD=False
------------can't find tmp/factory/video_rpc.bin
tv_system=25 mode=1
==== DP not detect ====
RTK_set_power_saving_config:Default POWERE_ON_S5 not set
Net:   Realtek PCIe GBE Family Controller mcfg = 0024
dev->name=r8168#0
Checking default environment
Hit Esc or Tab key to enter console mode or rescue linux:  0 
------------can't find tmp/factory/recovery
======== Checking into android recovery ====

Power-Key stat:1
check_acpu_boot_notification, boot-reason : 0x02100008
check_rtc_expire:RTC not detected in factory
customize_check_normal_boot: power up by button
Start Boot Setup ... 
*** rtkspi_read32_md 422, tar 0x0b000000, src 0x881a0000, len 0x00050000
*** rtkspi_read32_md 422, tar 0x0b000000, src 0x881f0000, len 0x00160000
*** rtkspi_read32_md 422, tar 0x02100000, src 0x88350000, len 0x00010000
*** rtkspi_read32_md 422, tar 0x0b000000, src 0x88360000, len 0x00780000
*** rtkspi_read32_md 422, tar 0x02200000, src 0x88ae0000, len 0x00580000
flushing dcache successfully.
Start Audio Firmware ...
flushing dcache successfully.
Wrong Image Forma[AtU fDIorO] dRoo_sbStoaortitT acosmkmCarneadte
EHoRRokOR!:
 [cabno'ntd ingge]t  1ke29rn5e lc hiipmag
Ce!la
ssifyBonding num =  0x00000001 PB (PA)
[FW]Bring up hwsetting
Finish kylin_bring_temp hwsetting
[Audio]SetTickRate  0x000000c8
[ACPU]: Set protect 6 fail, protect 6 is already enable : 0x00000040!!


HDMI Raw Enable: AC3, DTS, MPEG2 AAC, DDP, 

SPDIF Raw Enable: AC3, DTS, MPEG2 AAC, 

Force 2ch Format: DTS, DTSHD, AC3, DDP, MLP, AAC, WMAPRO, 

[AO][InitHDMIVideoType]HDMI Frequecny 148, resolution 25


@@@@@@@One Step TV System magic number = 0xc0de0bee, addr = 0xa001f800@@@@@@@

@@@@@@@@@ boot_info->tv_sys.interfaceType 0
vo->hdr_ctrl.hdr_out_ctrl_mode:0
[VO]HDRModeConfig:vo->tv_cap.tv_type:0
HDMIOff = 0
[VO]vo->is_hdmi_off_clock_on:0
[VO_SetVideoStandard]st 25 p 1 1 0
[VO_SetVideoStandard]dp_standard:1 data0  0x00000004 data1  0x00000000
[VO_SetVideoStandard]HDMIoff 0 is_tve_on 0 user_cvbs_off 1
## Flattened Device Tree blob at 02100000
   Booting using the fdt blob at 0x2100000
   reserving fdt memory region: addr=0 size=30000
   reserving fdt memory region: addr=2200000 size=400000
   reserving fdt memory region: addr=1f000 size=1000
   reserving fdt memory region: addr=2e00000 size=d200000
   reserving fdt memory region: addr=1b00000 size=400000
   reserving fdt memory region: addr=2600000 size=800000
   reserving fdt memorylv dresg.ifoornm:a at dd0r =p1ofrft_es0e00tt siinzge = 40x0000000
0  3 8r1e slvedrsv_iwngb  f0dt
 vmoe->mmoiryxe rre_gciaolln_:d sardd: r=01x20000000000000 0si
[zVeO= a0s0et00T0V0Sta
n d  arrde s2er5 vi3nDg  0f d0]t 
mem
o(TrVyE r) egTVioEn_:D ACa_dmdrod=1e 0000,0c0md0-0> senizPero=1g 4010!0!

 ~~  coUsmipn g0 ,D cehv2ic 0e ,T rmeoede _i3n D pl0!ac!e 
atS e00t0V0i0de0o0S00ta21n0d0a0r0d 0r,e etundr n0!00
0
0(0V0O00_C21o1n1f7igdHdDM
I_InfoFrame) L:279, is_hdmi_plugi[n FD1T,]  hmdamicM o= de6c :1!bf!:Mbo5de: 011 :d14at:9a0By
te1  0x0000000[0F D T]0x 0up0d0a0t0e0 00M A C 0xad0d0r0e0s0s000

BdraitnagBy tUPe4 s  la0xve0 0C0P00U0s0
0 
 S0txa00r0t0in00g 00Ke rinnet0l  . .0.x0
000
0001

(HDMI_3D) mode 1, HDMI_gen 1, En_3D 0, Format_3D 0 scramble:0 rrange:0 yrange:0 RfGlBu_sohri_nYgC bdCcra:c0h eP isxueclc_eCsoslfouclrlty:.0
 Deep_Color:0 Deep_Depth:0 xvycc:0
@@vo->hdr_ctrl.trans:0 HDMI_gen_dynamic_range_master_infoframe
@@set C1C0 to 2(BT709),set EC2EC1EC0 to 0
[    0.000000] Booting Linux on physical CPU 0x0
[    0.000000] Initializing cgroup subsys cpuset
[    0.000000] Initializing cgroup subsys cpu
[    0.000000] Initializing cgroup subsys cpuacct
[    0.000000] Linux version 4.4.18-g8bcbd8a-dirty (root@developer) (gcc version 4.9.4 (OpenWrt/Linaro GCC 4.9-2015.06 r48422) ) #1243 SMP Wed Oct 30 12:10:54 CST 2019
[    0.000000] Boot CPU: AArch64 Processor [410fd034]
[    0.000000] earlycon: E
 go back SET_HDMI!!
boot_info  0xa001f600 magic  0x2452544b en 1
boot_info.w 1920 h 1080
boot_addr  0x02600000
boot_osd_buffer_end: 0x81be80a0
w 1920, h 1080, img0  0x02600000, pitch0 7680
disp.x 0 y 0 w 1920 h 1080
PowerOnOSD~~
arly serial console at MMIO32 0x98007800 (options '')
[    0.000000] bootconsole [uart0] enabled
[    0.000000] cma: fdt region 0
[    0.000000] cma: Reserved 16 MiB at 0x0000000011000000
[    0.000000] psci: probing for conduit method from DT.
[    0.000000] psci: PSCIv0.1 detected in firmware.
[    0.000000] psci: Conflicting PSCI version detected.
[    0.000000] PERCPU: Embedded 20 pages/cpu @ffffffc03ff5e000 s45056 r8192 d28672 u81920
[    0.000000] Detected VIPT I-cache on CPU0
[    0.000000] CPU features: enabling workaround for ARM erratum 845719
[    0.000000] Built 1 zonelists in Zone order, mobility grouping on.  Total pages: 258048
[    0.000000] Kernel command line: rdinit=/sbin/init  mtdparts=RtkSFC:128k(factory),512k(uboot),320k(logo),1408k(afw),64k(dtb),7680k(kernel),5632k(initrd)  earlycon=uart8250,mmio32,0x98007800 console=ttyS0,115200 loglevel=7 U-boot=2015.07 (Oct 30 2019 - 12:11:10)
[    0.000000] PID hash table entries: 4096 (order: 3, 32768 bytes)
[    0.000000] Dentry cache hash table entries: 131072 (order: 8, 1048576 bytes)
[    0.000000] Inode-cache hash table entries: 65536 (order: 7, 524288 bytes)
[    0.000000] Memory: 574204K/1048576K available (11262K kernel code, 1231K rwdata, 3672K rodata, 576K init, 563K bss, 457988K reserved, 16384K cma-reserved)
[    0.000000] Virtual kernel memory layout:
[    0.000000]     modules : 0xffffff8000000000 - 0xffffff8008000000   (   128 MB)
[    0.000000]     vmalloc : 0xffffff8008000000 - 0xffffffbebfff0000   (   250 GB)
[    0.000000]       .init : 0xffffff8009120000 - 0xffffff80091b0000   (   576 KB)
[    0.000000]       .text : 0xffffff8008280000 - 0xffffff8008d80000   ( 11264 KB)
[    0.000000]     .rodata : 0xffffff8008d80000 - 0xffffff8009120000   (  3712 KB)
[    0.000000]       .data : 0xffffff80091b0000 - 0xffffff80092e3c48   (  1232 KB)
[    0.000000]     vmemmap : 0xffffffbefe7fd000 - 0xffffffbefec00000   (  4108 GB maximum)
[    0.000000]               0xffffffbefee00000 - 0xffffffbeffe00000   (    16 MB actual)
[    0.000000]     fixed   : 0xffffffbf00000000 - 0xffffffc000000000   (     4 KB)
[    0.000000]     PCI I/O : 0xffffffbf00000000 - 0xffffffbf01000000   (    16 MB)
[    0.000000]     memory  : 0xffffffc000000000 - 0xffffffc040000000   (  1024 MB)
[    0.000000] Hierarchical RCU implementation.
[    0.000000] 	CONFIG_RCU_FANOUT set to non-default value of 32
[    0.000000] NR_IRQS:64 nr_irqs:64 0
[    0.000000] Architected cp15 timer(s) running at 27.00MHz (phys).
[    0.000000] clocksource: arch_sys_counter: mask: 0xffffffffffffff max_cycles: 0x63a1e71a3, max_idle_ns: 440795203123 ns
[    0.000005] sched_clock: 56 bits at 27MHz, resolution 37ns, wraps every 4398046511093ns
[    0.009074] [RTK-TIMER0] set mode: CLOCK_EVT_MODE_SHUTDOWN
[    0.015247] [RTK-TIMER0] clocksource 0 register HZ
[    0.020636] clocksource: rtk_timer0_counter: mask: 0xffffffff max_cycles: 0xffffffff, max_idle_ns: 579169832313 ns
[    0.032319] [RTK-TIMER0] set mode: CLOCK_EVT_MODE_SHUTDOWN
[    0.038489] [RTK-TIMER1] set mode: CLOCK_EVT_MODE_SHUTDOWN
[    0.044659] [RTK-TIMER1] clocksource 1 register HZ
[    0.050047] clocksource: rtk_timer1_counter: mask: 0xffffffff max_cycles: 0xffffffff, max_idle_ns: 579169832313 ns
[    0.062033] [RTK_MEM_REMAP] initialized
[    0.066687] Console: colour dummy device 80x25
[    0.071699] Calibrating delay loop (skipped), value calculated using timer frequency.. 54.00 BogoMIPS (lpj=270000)
[    0.083361] pid_max: default: 32768 minimum: 301
[    0.088716] Mount-cache hash table entries: 2048 (order: 2, 16384 bytes)
[    0.096270] Mountpoint-cache hash table entries: 2048 (order: 2, 16384 bytes)
[    0.104904] Initializing cgroup subsys io
[    0.109431] Initializing cgroup subsys memory
[    0.114356] Initializing cgroup subsys devices
[    0.119360] Initializing cgroup subsys freezer
[    0.124375] Initializing cgroup subsys net_cls
[    0.129375] Initializing cgroup subsys perf_event
[    0.134682] Initializing cgroup subsys net_prio
[    0.139786] Initializing cgroup subsys hugetlb
[    0.144793] Initializing cgroup subsys pids
[    0.149768] ASID allocator initialised with 65536 entries
[    0.164040] pctrl-rtk: addr: 0x0802c00c [0x13fe8161 -> 0x137e8161], bit-diff = 0x00800000, mask = 0xec803012
[    0.175142] pctrl-rtk: addr: 0x0802e010 [0x5801e416 -> 0x58010414], bit-diff = 0x0000e002, mask = 0x0100e0a2
[    0.186229] pctrl-rtk: addr: 0x0803008c [0x00001f01 -> 0x00001901], bit-diff = 0x00000600, mask = 0x000006f8
[    0.197318] pctrl-rtk: addr: 0x08032000 [0xbfd81001 -> 0x9fd81001], bit-diff = 0x20000000, mask = 0x60000354
[    0.208411] pctrl-rtk: addr: 0x08034004 [0x1f840e01 -> 0x0f840e01], bit-diff = 0x10000000, mask = 0x507be1fc
[    0.219500] pctrl-rtk: addr: 0x08036050 [0x0000801f -> 0x0000801f], bit-diff = 0x00000000, mask = 0x00007020
[    0.230589] pctrl-rtk: addr: 0x08038088 [0x00001f80 -> 0x00001f80], bit-diff = 0x00000000, mask = 0x00002062
[    0.241701] pctrl-rtk: pctrl_ve1::POWER_OFF, ret = 0
[    0.247337] pctrl-rtk: pctrl_ve2::POWER_OFF, ret = 0
[    0.252985] pctrl-rtk: pctrl_ve3::POWER_OFF, ret = 0
[    0.258664] pctrl-rtk: pctrl_gpu::POWER_OFF, ret = 0
[    0.264325] pctrl-rtk: pctrl_gpu_core_1::POWER_OFF, ret = 0
[    0.270683] pctrl-rtk: pctrl_gpu_core_2::POWER_OFF, ret = 0
[    0.277057] pctrl-rtk: pctrl_gpu_core_3::POWER_OFF, ret = 0
[    0.283591] pctrl-rtk: pctrl_mhl3_en::POWER_OFF, ret = 0
[    0.290212] pctrl-rtk: pctrl_l4_icg_nand::ENABLE_HW_PM, ret = -1
[    0.297007] pctrl-rtk: pctrl_usb_p0_mac::POWER_ON, ret = 0
[    0.303237] pctrl-rtk: pctrl_usb_p0_phy::POWER_ON, ret = 0
[    0.309556] pctrl-rtk: pctrl_usb_p3_mac_A: rev not match
[    0.315571] pctrl-rtk: pctrl_usb_p3_mac::POWER_ON, ret = 0
[    0.321776] pctrl-rtk: pctrl_usb_p3_phy::POWER_ON, ret = 0
[    0.328156] pctrl-rtk: pctrl_cr::POWER_OFF, ret = 0
[    0.333743] reset-rtk: DEASSERT    0x0801c004 [0x0f840e01 -> 0x0f841e01] D 0x00001000, M 0x00001000
[    0.343942] reset-rtk: ASSERT      0x0801c004 [0x0f841e01 -> 0x0f840e01] D 0x00001000, M 0x00001000
[    0.354134] pctrl-rtk: pctrl_sdio::POWER_OFF, ret = 0
[    0.360139] pctrl-rtk: pctrl_pll_ve1::POWER_OFF, ret = 0
[    0.366913] Detected VIPT I-cache on CPU1
[    0.366958] CPU1: Booted secondary processor [410fd034]
[    0.367268] Detected VIPT I-cache on CPU2
[    0.367294] CPU2: Booted secondary processor [410fd034]
[    0.367599] Detected VIPT I-cache on CPU3
[    0.367625] CPU3: Booted secondary processor [410fd034]
[    0.367670] Brought up 4 CPUs
[    0.402163] SMP: Total of 4 processors activated.
[    0.407460] CPU: All CPU(s) started at EL2
[    0.412090] alternatives: patching kernel code
[    0.417591] devtmpfs: initialized
[    0.431675] clk-rtk: scpu,pll,workaround 34055501
[    0.436981] clk-rtk: scpu,pll,workaround 04038500
[    0.443422] clk-rtk: Failed to init pll_gpu, ret = -22
[    0.449278] clk-rtk: Failed to init pll_acpu, ret = -22
[    0.457788] clocksource: jiffies: mask: 0xffffffff max_cycles: 0xffffffff, max_idle_ns: 19112604462750000 ns
[    0.469801] xor: measuring software checksum speed
[    0.568925]    8regs     :  1489.200 MB/sec
[    0.668973]    8regs_prefetch:  1297.200 MB/sec
[    0.769025]    32regs    :  1816.000 MB/sec
[    0.869077]    32regs_prefetch:  1638.000 MB/sec
[    0.874269] xor: using function: 32regs (1816.000 MB/sec)
[    0.880367] pinctrl core: initialized pinctrl subsystem
[    0.886926] NET: Registered protocol family 16
[    0.893002] vdso: 2 pages (1 code @ ffffff8008d86000, 1 data @ ffffff80091b4000)
[    0.901352] hw-breakpoint: found 6 breakpoint and 4 watchpoint registers.
[    0.910018] DMA: preallocated 1024 KiB pool for atomic allocations
[    0.917288] rst-control : base ffffff8008242600, offset 0x40
[    0.923683] ****** rtk_lockapi_init 568, chip_revision = 0x00030000
[    0.930883] [PINCTRL] driver init
[    0.937313] [PINCTRL] init done
[    0.945867] [GPIO] No default gpio need to set
[    1.154846] raid6: int64x1  gen()   270 MB/s
[    1.324932] raid6: int64x1  xor()   263 MB/s
[    1.494924] raid6: int64x2  gen()   416 MB/s
[    1.665022] raid6: int64x2  xor()   351 MB/s
[    1.835125] raid6: int64x4  gen()   608 MB/s
[    2.005175] raid6: int64x4  xor()   447 MB/s
[    2.175338] raid6: int64x8  gen()   477 MB/s
[    2.345353] raid6: int64x8  xor()   372 MB/s
[    2.515390] raid6: neonx1   gen()   502 MB/s
[    2.685518] raid6: neonx1   xor()   490 MB/s
[    2.855559] raid6: neonx2   gen()   753 MB/s
[    3.025639] raid6: neonx2   xor()   639 MB/s
[    3.195734] raid6: neonx4   gen()  1026 MB/s
[    3.365776] raid6: neonx4   xor()   762 MB/s
[    3.535904] raid6: neonx8   gen()  1033 MB/s
[    3.705961] raid6: neonx8   xor()   781 MB/s
[    3.710763] raid6: using algorithm neonx8 gen() 1033 MB/s
[    3.716842] raid6: .... xor() 781 MB/s, rmw enabled
[    3.722329] raid6: using intx1 recovery algorithm
[    3.727764] ACPI: Interpreter disabled.
[    3.732314] [RTD129x_PM] Initial RTD129x Power Management Driver.
[    3.739506] [RTD129x_PM] wakeup-gpio Cnt: en(3) act(3) list(3)
[    3.746107] [RTD129x_PM] wakeup-gpio[0] Successful registration! (en:1 act:1 gpio:106)
[    3.755052] [RTD129x_PM] wakeup-gpio[1] States is disable! (en:0 act:0 gpio:115)
[    3.763420] [RTD129x_PM] wakeup-gpio[2] Successful registration! (en:1 act:0 gpio:134)
[    3.772343] [RTD129x_PM] gpio-output-change Cnt: en(0) act(0) list(-2)
[    3.779687] [RTD129x_PM] Set suspend-mode = ram
[    3.784790] [RTD129x_PM] Wakeup Flags Set Default : 0x2e
[    3.790774] RTD129x_PM 98000000.power-management: is system-power-controller
[    3.799069] SCSI subsystem initialized
[    3.803438] usbcore: registered new interface driver usbfs
[    3.809669] usbcore: registered new interface driver hub
[    3.815711] usbcore: registered new device driver usb
[    3.821478] rtk-usb-power-manager 98000000.rtk_usb_power_manager: ENTER rtk_usb_power_manager_probe
[    3.831789] rtk-usb-power-manager 98000000.rtk_usb_power_manager: rtk_dwc3_drd status is okay
[    3.841393] rtk-usb-power-manager 98000000.rtk_usb_power_manager: rtk_dwc3_u2host status is okay
[    3.851294] rtk-usb-power-manager 98000000.rtk_usb_power_manager: ehci status is okay
[    3.860110] rtk-usb-power-manager 98000000.rtk_usb_power_manager: ohci status is okay
[    3.868933] rtk-usb-power-manager 98000000.rtk_usb_power_manager: rtk_dwc3_u3host status is okay
[    3.878841] rtk-usb-power-manager 98000000.rtk_usb_power_manager: set usb_power_domain/p3 on
[    3.888394] reset-rtk: ASSERT      0x08028000 [0x9fd81001 -> 0x9fd81001] D 0x00000000, M 0x00000100
[    3.898586] reset-rtk: ASSERT      0x08028000 [0x9fd81001 -> 0x9fd81001] D 0x00000000, M 0x00000200
[    3.908782] reset-rtk: ASSERT      0x08028004 [0x0f840e01 -> 0x0f840e01] D 0x00000000, M 0x00000008
[    3.918977] reset-rtk: ASSERT      0x08028004 [0x0f840e01 -> 0x0f840e01] D 0x00000000, M 0x00000004
[    3.929171] reset-rtk: ASSERT      0x08028000 [0x9fd81001 -> 0x9fd81001] D 0x00000000, M 0x00000004
[    3.939365] reset-rtk: ASSERT      0x08028004 [0x0f840e01 -> 0x0f840e01] D 0x00000000, M 0x00000010
[    3.949558] reset-rtk: ASSERT      0x0801a000 [0x9fd81001 -> 0x9fd81001] D 0x00000000, M 0x00000010
[    3.959748] reset-rtk: ASSERT      0x0801c004 [0x0f840e01 -> 0x0f840e01] D 0x00000000, M 0x00000020
[    3.969939] reset-rtk: ASSERT      0x0801a000 [0x9fd81001 -> 0x9fd81001] D 0x00000000, M 0x00000040
[    3.983141] reset-rtk: DEASSERT    0x0801a000 [0x9fd81305 -> 0x9fd81315] D 0x00000010, M 0x00000010
[    3.993335] reset-rtk: DEASSERT    0x0801c004 [0x0f840e1d -> 0x0f840e3d] D 0x00000020, M 0x00000020
[    4.003528] reset-rtk: DEASSERT    0x0801a000 [0x9fd81315 -> 0x9fd81355] D 0x00000040, M 0x00000040
[    4.016723] rtk-usb-power-manager 98000000.rtk_usb_power_manager: Realtek USB init 5/5 OK (CRT_SOFT_RESET1=9fd81355, CRT_SOFT_RESET2=f840e3d, CRT_CLOCK_ENABLE1=137e8171)
[    4.033800] rtk-usb-power-manager 98000000.rtk_usb_power_manager: rtk_usb_power_manager_probe OK (take 170 ms)
[    4.046551] Linux video capture interface: v2.00
[    4.052047] Advanced Linux Sound Architecture Driver Initialized.
[    4.059837] clocksource: Switched to clocksource arch_sys_counter
[    4.110425] FS-Cache: Loaded
[    4.114146] pnp: PnP ACPI: disabled
[    4.118227] drivers/soc/realtek/rtd129x/rtk_ion_of.c rtk_ion_probe
[    4.126192] drivers/soc/realtek/rtd129x/rtk_ion_of.c rtk_ion_probe nr_heaps:5
[    4.139249] rtk_ion_probe: adding heap Audio of type 8 with 2600000@800000 (type:GEN_POOL)
[    4.324144] rtk_ion_probe: adding heap Media of type 7 with 11000000@1000000 (type:CMA_POOL)
[    4.334652] rtk_ion_probe: adding heap Media of type 7 with 12000000@a000000 (type:GEN_POOL)
[    4.345141] rtk_ion_probe: adding heap Media of type 7 with 2e00000@d200000 (type:GEN_POOL)
[    4.362448] NET: Registered protocol family 2
[    4.367828] TCP established hash table entries: 8192 (order: 4, 65536 bytes)
[    4.375925] TCP bind hash table entries: 8192 (order: 5, 131072 bytes)
[    4.383466] TCP: Hash tables configured (established 8192 bind 8192)
[    4.390698] UDP hash table entries: 512 (order: 2, 16384 bytes)
[    4.397389] UDP-Lite hash table entries: 512 (order: 2, 16384 bytes)
[    4.404792] NET: Registered protocol family 1
[    4.410013] RPC: Registered named UNIX socket transport module.
[    4.416673] RPC: Registered udp transport module.
[    4.421977] RPC: Registered tcp transport module.
[    4.427267] RPC: Registered tcp NFSv4.1 backchannel transport module.
[    4.435163] Trying to unpack rootfs image as initramfs...
[    6.514965] Freeing initrd memory: 4096K (ffffffc002200000 - ffffffc002600000)
[    6.523874] hw perfevents: enabled with armv8_pmuv3 PMU driver, 7 counters available
[    6.534964] futex hash table entries: 1024 (order: 5, 131072 bytes)
[    6.542667] HugeTLB registered 2 MB page size, pre-allocated 0 pages
[    6.550278] VFS: Disk quotas dquot_6.6.0
[    6.554746] VFS: Dquot-cache hash table entries: 512 (order 0, 4096 bytes)
[    6.562906] squashfs: version 4.0 (2009/01/31) Phillip Lougher
[    6.570249] FS-Cache: Netfs 'nfs' registered for caching
[    6.576420] NFS: Registering the id_resolver key type
[    6.582160] Key type id_resolver registered
[    6.586865] Key type id_legacy registered
[    6.591401] nfs4filelayout_init: NFSv4 File Layout Driver Registering...
[    6.598958] Installing knfsd (copyright (C) 1996 okir@monad.swb.de).
[    6.606525] FS-Cache: Netfs 'cifs' registered for caching
[    6.612677] Key type cifs.spnego registered
[    6.617395] Key type cifs.idmap registered
[    6.622046] ntfs: driver 2.1.32 [Flags: R/W].
[    6.626988] jffs2: version 2.2. (NAND) (SUMMARY)  Â© 2001-2006 Red Hat, Inc.
[    6.634984] fuse init (API version 7.23)
[    6.639685] JFS: nTxBlock = 4645, nTxLock = 37167
[    6.650145] SGI XFS with ACLs, security attributes, realtime, debug enabled
[    6.658626] NILFS version 2 loaded
[    6.663449] gfs2: GFS2 installed
[    6.667157] FS-Cache: Netfs 'ceph' registered for caching
[    6.673257] ceph: loaded (mds proto 32)
[    6.680467] NET: Registered protocol family 38
[    6.685549] Block layer SCSI generic (bsg) driver version 0.4 loaded (major 252)
[    6.693980] io scheduler noop registered
[    6.698396] io scheduler deadline registered
[    6.703235] io scheduler cfq registered (default)
[    6.709116] --- debug : rtd1295_pwm_probe ---- 
[    6.714251] --- set_real_freq_by_target_div debug : real_freq=26367, osd=1, ocd=255
[    6.722882] --- debug : rtd1295_pwm_probe - hwpwm=(0) enable=(1) duty_rate=(50) clksrc_div=(1) clkout_div=(255)---  
[    6.734734] --- debug : rtd1295_pwm_probe - defualt output frequence = 26367Hz ---  
[    6.743457] --- set_real_freq_by_target_div debug : real_freq=26367, osd=1, ocd=255
[    6.752083] --- debug : rtd1295_pwm_probe - hwpwm=(1) enable=(1) duty_rate=(50) clksrc_div=(1) clkout_div=(255)---  
[    6.763935] --- debug : rtd1295_pwm_probe - defualt output frequence = 26367Hz ---  
[    6.772660] --- set_real_freq_by_target_div debug : real_freq=26367, osd=1, ocd=255
[    6.781288] --- debug : rtd1295_pwm_probe - hwpwm=(2) enable=(0) duty_rate=(50) clksrc_div=(1) clkout_div=(255)---  
[    6.793140] --- debug : rtd1295_pwm_probe - defualt output frequence = 26367Hz ---  
[    6.801865] --- set_real_freq_by_target_div debug : real_freq=26367, osd=1, ocd=255
[    6.810492] --- debug : rtd1295_pwm_probe - hwpwm=(3) enable=(0) duty_rate=(50) clksrc_div=(1) clkout_div=(255)---  
[    6.822345] --- debug : rtd1295_pwm_probe - defualt output frequence = 26367Hz ---  
[    6.831243] --- debug : pwm_set_register -- set index 0 OCD=255,CD=127,CSD=1
[    6.839178] --- debug :  ---- pwm_set_register --- done! 
[    6.845263] --- debug : pwm_set_register -- set index 1 OCD=255,CD=127,CSD=1
[    6.853202] --- debug :  ---- pwm_set_register --- done! 
[    6.859280] --- debug : pwm_set_register -- set index 2 OCD=0,CD=0,CSD=0
[    6.866828] --- debug :  ---- pwm_set_register --- done! 
[    6.872907] --- debug : pwm_set_register -- set index 3 OCD=0,CD=0,CSD=0
[    6.880455] --- debug :  ---- pwm_set_register --- done! 
[    6.886526] --- debug : rtd1295_pwm_probe --  done! !
[    6.892511] [drivers/video/fbdev/rtk/rtk_fb.c rtk_fb_probe] 
[    6.892511] 
[    6.902303] [drivers/video/fbdev/rtk/rtk_fb.c rtk_fb_update_by_memory] [1920 x 1080] addr:0xf02e000 size:0xfd2000 irq:0
[    6.902303] 
[    6.917100] [drivers/video/fbdev/rtk/rtk_fb.c rtk_fb_update_by_memory] numberofbuffers 2
[    6.917100] 
[    6.928861] I/DC: ALLOC DC INFO BUFFER!
[    6.933182] I/DC: rpc_common_base:ffffff800800c000 ipc:ffffff800800c0c4
[    6.940729] I/DC: [DC_Init 1808]
[    6.982295] Console: switching to colour frame buffer device 240x67
[    7.027143] [drivers/video/fbdev/rtk/rtk_vfb.c rtk_vfb_probe] 
[    7.027143] 
[    7.038156] [drivers/video/fbdev/rtk/rtk_vfb.c rtk_vfb_update_by_memory] [3840 x 2160] addr:0xc0b7000 size:0x2f77000 irq:0
[    7.038156] 
[    7.053250] [drivers/video/fbdev/rtk/rtk_vfb.c rtk_vfb_update_by_memory] numberofbuffers 3
[    7.053250] 
[    7.065209] I/DC: [DC_Init 1808]
[    7.069456] corectrl: CPU List = [ 1-3 ]
[    7.074184] [SB2 DBG][sb2_dbg_init] Info 0x30000
[    7.079379] [SB2 DBG][sb2_dbg_init] initialized
[    7.084643] reset-rtk: DEASSERT    0x08022088 [0x00001f80 -> 0x00001f82] D 0x00000002, M 0x00000002
[    7.095226] input: venus_IR_input as /devices/virtual/input/input0
[    7.102460] rpc is not paused & suspended
[    7.108753] rpc_int_base:ffffff8008276104 irq:25
[    7.113850] [PUWRAP] begin pu_init
[    7.117872] [PUWRAP] end pu_init result=0x0
[    7.122685] [PUWRAP] pu_probe
[    7.126044] [PUWRAP] success to probe pu wrapper device with USE_ION_ALLOCATOR
[    7.134476] res.start:0x98007000, bonding_value:0x0
[    7.140005] [VPUDRV] : get clock controller s_vpu_clk_ve1=0xffffffc03d7e3100
[    7.147948] [VPUDRV] : get clock controll
[ROS: openRPC() intr_scpu_dev_r buf  0x00e2ffa1 s  0x00e2ffa1 e  0x00e4ffa1 i  0x00e2ffa1
[ROS: openRPC() kern_scpu_dev_r buf  0x00f2ffa1 s  0x00f2ffa1 e  0x00f4ffa1 i  0x00f2ffa1
[ROS: openStubRPC() intr_w buf  0x00e6ffa1 s  0x00e6ffa1 e  0x00e8ffa1 i  0x00e6ffa1
[ROS: openStubRPC() kern_w buf  0x00f4ffa1 s  0x00f4ffa1 e  0x00f6ffa1 i  0x00f4ffa1[AVCPU] Set Debug level flag  0x81bf32ac *flag  0x01bdf10c ucache  0xa1bdf10c 
[AVCPU] Set Debug level *ptrDebugFlag  0x00000001 
-------------------
Audio Version = 33b72e6c50f903ac4e25f744f61b96bc925a2e32 (KylinAudio Commit Date = Sep 17 09:11:59 2018
Common Version = 16728dabf73aaed6492e39c52f131775582f8b1e
Binary src compiled at Sep 17 2018 15:37:36
Note = 
-------------------




[A] gloabl malloc size  0x003ffd48 
er s_vpu_clk_ve2=0xffffffc03d7e3080
[    7.222463] AudioIntrRead:154 can't find process for handling AudioIntrRead programID:98
[    7.235492] reset-rtk: DEASSERT    0x0801a000 [0x9fd81355 -> 0x9fd83355] D 0x00002000, M 0x00002000
[    7.245692] reset-rtk: DEASSERT    0x0801a000 [0x9fd83355 -> 0x9fd87355] D 0x00004000, M 0x00004000
[    7.256052] VE3: ve3_probe
[    7.259107] VE3 : base address get from DTB physical base addr=0x98048000, virtual base=0xffffff80093e8000, size=0x4000(actually=0x424)
[    7.272963] VE3: get clock controller s_ve3_clk=0xffffffc03d76b980
[    7.279932] ve3_pctrl_on
[    7.282782] reset-rtk: ASSERT      0x0801a000 [0x9fd87355 -> 0x9fd87355] D 0x00000000, M 0x00008000
[    7.292979] reset-rtk: DEASSERT    0x0801a000 [0x9fd87355 -> 0x9fd8f355] D 0x00008000, M 0x00008000
[    7.303184] reset-rtk: DEASSERT    0x0801a000 [0x9fd8f355 -> 0x9fd8f355] D 0x00000000, M 0x00008000
[    7.329851] Get cti: 0x13
[    7.332794] VE3: dec kernel module. 
[    7.336813] VE3: Init single core at 0x        98048000 IRQ=20
[    7.343396] VE3: core[0] has HEVC
[    7.343398] VE3: core[0] has VP9
[    7.343401] VE3: core[0] has PP
[    7.343776] VE3: module inserted. Major = 0
[    7.343781] ve3_pctrl_off
[    7.343847] memalloc: Linear Memory Allocator
[    7.344064] jpu_probe
[    7.344089] [JPUDRV] : jpu base address get from DTB physical base addr=0x9803e000, virtual base=0xffffff80093fa000, size=0x1000
[    7.344201] [JPUDRV] : get clock controller s_jpu_clk=0xffffffc03d76b100
[    7.344211] reset-rtk: DEASSERT    0x0801c004 [0x0f840e3d -> 0x0f840e3f] D 0x00000002, M 0x00000002
[    7.344232] s_jpu_irq:17 want to register jpu_irq_handler
[    7.344262] [JPUDRV] success to probe jpu device with non reserved video memory
[    7.344269] reset-rtk: ASSERT      0x0801c004 [0x0f840e3f -> 0x0f840e3d] D 0x00000002, M 0x00000002
[    7.344335] jpu_init
[    7.344337] end jpu_init result=0x0
[    7.344441] misc rtk_lockapi: registered.
[    7.345032] gmt-g2227 0-0012: g2227 version 03
[    7.350718] Serial: 8250/16550 driver, 4 ports, IRQ sharing disabled
[    7.351897] console [ttyS0] disabled
[    7.451735] 98007800.serial0: ttyS0 at MMIO 0x98007800 (irq = 194, base_baud = 1687500) is a 16550A
[    7.461957] console [ttyS0] enabled
[    7.461957] console [ttyS0] enabled
[    7.469446] bootconsole [uart0] disabled
[    7.469446] bootconsole [uart0] disabled
[    7.478160] [drm] Initialized drm 1.1.0 20060810
[    7.491781] brd: module loaded
[    7.499415] loop: module loaded
[    7.502723] Loading iSCSI transport class v2.0-870.
[    7.508001] iscsi: registered transport (tcp)
[    7.513594] User interface thread started
[    7.519448] Init thread started
[    7.522702] Task management thread started
[    7.522746] Management thread started
[    7.522771] Target template copy_manager registered successfully
[    7.522864] Target copy_manager_tgt for template copy_manager registered successfully
[    7.522875] Using security group "copy_manager_tgt" for initiator "copy_manager_sess" (target copy_manager_tgt)
[    7.522940] SCST version 3.4.0-pre1 loaded successfully (global max mem for commands ignored, per device 58MB)
[    7.522964] Device handler "dev_raid" for type 12 registered successfully
[    7.523016] ***WARNING***: Unable to find /var/lib/scst/vdev_mode_pages (err -2), saved mode pages disabled. You should create this directory manually or reinstall SCST
[    7.523041] Virtual device handler vdisk_fileio for type 0 registered successfully
[    7.523055] Virtual device handler vdisk_blockio for type 0 registered successfully
[    7.523069] Virtual device handler vdisk_nullio for type 0 registered successfully
[    7.523082] Virtual device handler vcdrom for type 5 registered successfully
[    7.526920] Virtual device handler "scst_user" registered successfully
[    7.527078] scst_user: Cleanup thread started
[    7.527083] iSCSI SCST Target - version 3.4.0-pre1
[    7.527086] Registered iSCSI transport: iSCSI-TCP
[    7.536824] Target template iscsi registered successfully
[    7.536882] Read thread for pool ffffffc03d325e00 started
[    7.536922] Read thread for pool ffffffc03d325e00 started
[    7.536959] Read thread for pool ffffffc03d325e00 started
[    7.536998] Read thread for pool ffffffc03d325e00 started
[    7.537039] Write thread for pool ffffffc03d325e00 started
[    7.537074] Write thread for pool ffffffc03d325e00 started
[    7.537113] Write thread for pool ffffffc03d325e00 started
[    7.537156] Write thread for pool ffffffc03d325e00 started
[    7.537168] Registered iSCSI transport: iSER
[    7.555279] Target template scst_local registered successfully
[    7.555433] Target scst_local_tgt for template scst_local registered successfully
[    7.555445] Using security group "scst_local_tgt" for initiator "scst_local_host" (target scst_local_tgt)
[    7.555728] scsi host0: scst_local
[    7.556901] reset-rtk: ASSERT      0x0801a000 [0x9fd8f355 -> 0x9fd8f355] D 0x00000000, M 0x00000020
[    7.556907] reset-rtk: ASSERT      0x0801a000 [0x9fd8f355 -> 0x9fd8f355] D 0x00000000, M 0x00000080
[    7.669853] reset-rtk: DEASSERT    0x0801a000 [0x9fd8f355 -> 0x9fd8f375] D 0x00000020, M 0x00000020
[    7.669859] reset-rtk: DEASSERT    0x0801a000 [0x9fd8f375 -> 0x9fd8f3f5] D 0x00000080, M 0x00000080
[    7.669865] reset-rtk: ASSERT      0x08020050 [0x0000801f -> 0x0000801f] D 0x00000000, M 0x00000400
[    7.669871] reset-rtk: ASSERT      0x08020050 [0x0000801f -> 0x0000801f] D 0x00000000, M 0x00000200
[    7.779853] reset-rtk: DEASSERT    0x08020050 [0x0000801f -> 0x0000841f] D 0x00000400, M 0x00000400
[    7.789121] reset-rtk: DEASSERT    0x08020050 [0x0000841f -> 0x0000861f] D 0x00000200, M 0x00000200
[    7.818400] [SATA] spread-spectrum disable
[    7.852645] [SATA] SATA calibrate = 20
[    7.871495] reset-rtk: DEASSERT    0x0801a000 [0x9fd8f3f5 -> 0x9fd8f7f5] D 0x00000400, M 0x00000400
[    7.900772] [SATA] spread-spectrum disable
[    7.935003] [SATA] SATA calibrate = 20
[    7.953852] reset-rtk: DEASSERT    0x08020050 [0x0000861f -> 0x0000869f] D 0x00000080, M 0x00000080
[    7.963162] ahci_rtk 9803f000.sata: masking port_map 0x3 -> 0x3
[    7.969282] ahci_rtk 9803f000.sata: AHCI 0001.0301 32 slots 2 ports 6 Gbps 0x3 impl platform mode
[    7.978388] ahci_rtk 9803f000.sata: flags: ncq sntf pm led clo only pmp fbs pio slum part ccc sadm sds apst 
[    7.989867] scsi host1: ahci_rtk
[    7.993468] scsi host2: ahci_rtk
[    7.996965] ata1: SATA max UDMA/133 mmio [mem 0x9803f000-0x9803ffff] port 0x100 irq 13
[    8.005088] ata2: SATA max UDMA/133 mmio [mem 0x9803f000-0x9803ffff] port 0x180 irq 13
[    8.013496] RtkSFC MTD init ...
[    8.016714] NOR flash support list ..
[    8.020474] (X) HWSEMA support.
[    8.023690] (V) AUTO_HW_POLL support.
[    8.027440] (X) 4Bytes mode support.
[    8.031108] (X) Max erase size support.
[    8.035036] (V) Sfc_delay support.
[    8.038518] (X) Multi-read support.
[    8.042906] --RDID Seq: 0xef | 0x40 | 0x18
[    8.047103] RtkSFC MTD: WINBOND 25Q128BVFG(W25Q128BVFIG) detected.
[    8.053442] SFC_4KB_ERASE
[    8.056128] Supported Erase Size: 64KB 4KB.
[    8.060420] RtkSFC MTD: Enable RtkSFC MD PP callback function.
[    8.066392] MD_READ Enable..
[    8.069342] MD_WRITE Enable..
[    8.072439] [rtk_sfc_attach]descriptor size 0x1000000
[    8.077629] 7 cmdlinepart partitions found on MTD device RtkSFC
[    8.083700] Rtk SFC: using dynamic partition
[    8.088074] Creating 7 MTD partitions on "RtkSFC":
[    8.092996] 0x000000000000-0x000000020000 : "factory"
[    8.099027] 0x000000020000-0x0000000a0000 : "uboot"
[    8.104825] 0x0000000a0000-0x0000000f0000 : "logo"
[    8.110525] 0x0000000f0000-0x000000250000 : "afw"
[    8.116127] 0x000000250000-0x000000260000 : "dtb"
[    8.121739] 0x000000260000-0x0000009e0000 : "kernel"
[    8.127616] 0x0000009e0000-0x000000f60000 : "initrd"
[    8.133515] Rtk SFC: (for SST/SPANSION/MXIC SPI Flash)
[    8.138784] Realtek SFC Driver is successfully installing.
[    8.138784] 
[    8.145943] Ethernet Channel Bonding Driver: v3.7.1 (April 27, 2011)
[    8.154283] r8169 Gigabit Ethernet driver 2.25-LK-NAPI loaded
[    8.160308] rtl_init_one: gpio -2 is not valid
[    8.180618] r8169 98016000.gmac eth0: RTL8168g/8111g at 0xffffff80097fe000, 6c:bf:b5:01:14:90, XID 10900800 IRQ 12
[    8.191226] r8169 98016000.gmac eth0: jumbo features [frames: 9200 bytes, tx checksumming: ko]
[    8.200112] [Ethernet] Watch link status change.
[    8.200251] rtk_rbus_init:90
[    8.200356] rtk_rbus_probe:27
[    8.200647] rtk_refclk_init:89
[    8.200752] rtk_refclk_probe:27
[    8.201259] rtk_se_probe: res.start=0x000000009800c000 res.end=0x000000009800cfff
[    8.201265] rtk_se_probe: mem[0] phys:0x000000009800c000 virt:0xffffff8012f8c000 size:0x1000 type:1 name:SE reg space
[    8.204966] rtk_se_probe: mem[1] phys:0x0000000011117000 virt:0xffffff8012f8e000 size:0x1000 type:1 name:SE driver data
[    8.205028] rtk_se_probe: mem[2] phys:0x0000000011118000 virt:0xffffff8012f90000 size:0x8000 type:1 name:SE command queue
[    8.205050] rtk_se_probe: irq=22
[    8.205263] Engine[0] Ctrl:00000004 Base:11118000 ReadPtr:11118000 WritePtr:11118000 Limit:1111c000
[    8.205271] Engine[1] Ctrl:00000004 Base:1111c000 ReadPtr:1111c000 WritePtr:1111c000 Limit:11120000
[    8.205583] rtk_md_probe: res.start=0x000000009800b000 res.end=0x000000009800bfff
[    8.205589] rtk_md_probe: mem[0] phys:0x000000009800b000 virt:0xffffff8012f9c000 size:0x1000 type:1 name:MD reg space
[    8.205663] rtk_md_probe: mem[1] phys:0x0000000011137000 virt:0xffffff8012f9e000 size:0x1000 type:1 name:MD driver data
[    8.205720] rtk_md_probe: mem[2] phys:0x0000000011138000 virt:0xffffff8012fa0000 size:0x4000 type:1 name:MD command queue
[    8.205740] rtk_md_probe: irq=21
[    8.205941] Engine[0] Ctrl:0000000c Base:11138000 ReadPtr:11138000 WritePtr:11138000 Limit:1113c000
[    8.206115] rtk-usb-phy-rle0599 98013824.usb_phy_rle0599: Probe RTK USB 2.0 RLE0599 PHY
[    8.206356] rtk-usb2phy 98028280.dwc3_drd_usb2phy: drivers/usb/phy/phy-rtk-usb2.c Probe RTK USB 2.0 PHY
[    8.206413] rtk-usb2phy 98031280.dwc3_u2host_usb2phy: drivers/usb/phy/phy-rtk-usb2.c Probe RTK USB 2.0 PHY
[    8.206479] rtk-usb2phy 981f8280.dwc3_u3host_usb2phy: drivers/usb/phy/phy-rtk-usb2.c Probe RTK USB 2.0 PHY
[    8.206686] rtk-usb3phy 98013210.dwc3_drd_usb3phy: drivers/usb/phy/phy-rtk-usb3.c Probe RTK USB 3.0 PHY
[    8.206740] rtk-usb3phy 98013e10.dwc3_u3host_usb3phy: drivers/usb/phy/phy-rtk-usb3.c Probe RTK USB 3.0 PHY
[    8.207100] rtk-dwc3 98013200.rtk_dwc3_drd: Probe Realtek-SoC USB DWC3 Host Controller
[    8.207539] dwc3 98020000.dwc3_drd: rtk dwc3 fixed dwc3 globals register start address 0xffffff8012ff8100
[    8.207693] rtk-usb3phy 98013210.dwc3_drd_usb3phy: drivers/usb/phy/phy-rtk-usb3.c Init RTK USB 3.0 PHY
[    8.212839] rtk-usb3phy 98013210.dwc3_drd_usb3phy: drivers/usb/phy/phy-rtk-usb3.c Initialized RTK USB 3.0 PHY
[    8.359864] ata2: SATA link down (SStatus 0 SControl 300)
[    8.359899] ata1: SATA link down (SStatus 0 SControl 300)
[    8.412866] rtk-usb2phy 98028280.dwc3_drd_usb2phy: drivers/usb/phy/phy-rtk-usb2.c Init RTK USB 2.0 PHY
[    8.412899] rtk-usb2phy 98028280.dwc3_drd_usb2phy: drivers/usb/phy/phy-rtk-usb2.c Initialized RTK USB 2.0 PHY
[    8.712962] dwc3 98020000.dwc3_drd: dwc3_host_init
[    8.718115] rtk-usb-power-manager 98000000.rtk_usb_power_manager: rtk_usb_init_power_on for 98013200.rtk_dwc3_drd
[    8.728649] rtk-usb-power-manager 98000000.rtk_usb_power_manager: rtk_usb_drd_gpio_power_on_off 1294 type c power on by gpio (id=102) OK
[    8.741214] rtk-dwc3 98013200.rtk_dwc3_drd: dwc3_rtk_probe ok! (take 540 ms)
[    8.748473] rtk-dwc3 98013c00.rtk_dwc3_u2host: Probe Realtek-SoC USB DWC3 Host Controller
[    8.757246] dwc3 98029000.dwc3_u2host: rtk dwc3 fixed dwc3 globals register start address 0xffffff8013008100
[    8.967460] rtk-usb2phy 98031280.dwc3_u2host_usb2phy: drivers/usb/phy/phy-rtk-usb2.c Init RTK USB 2.0 PHY
[    8.977295] rtk-usb2phy 98031280.dwc3_u2host_usb2phy: drivers/usb/phy/phy-rtk-usb2.c Initialized RTK USB 2.0 PHY
[    9.287773] dwc3 98029000.dwc3_u2host: dwc3_host_init
[    9.293182] rtk-usb-power-manager 98000000.rtk_usb_power_manager: rtk_usb_init_power_on for 98013c00.rtk_dwc3_u2host
[    9.303972] rtk-dwc3 98013c00.rtk_dwc3_u2host: dwc3_rtk_probe ok! (take 560 ms)
[    9.311516] rtk-dwc3 98013e00.rtk_dwc3_u3host: Probe Realtek-SoC USB DWC3 Host Controller
[    9.320278] dwc3 981f0000.dwc3_u3host: rtk dwc3 fixed dwc3 globals register start address 0xffffff8013018100
[    9.330490] rtk-usb3phy 98013e10.dwc3_u3host_usb3phy: drivers/usb/phy/phy-rtk-usb3.c Init RTK USB 3.0 PHY
[    9.345437] rtk-usb3phy 98013e10.dwc3_u3host_usb3phy: drivers/usb/phy/phy-rtk-usb3.c Initialized RTK USB 3.0 PHY
[    9.555885] rtk-usb2phy 981f8280.dwc3_u3host_usb2phy: drivers/usb/phy/phy-rtk-usb2.c Init RTK USB 2.0 PHY
[    9.565720] rtk-usb2phy 981f8280.dwc3_u3host_usb2phy: drivers/usb/phy/phy-rtk-usb2.c Initialized RTK USB 2.0 PHY
[    9.876181] dwc3 981f0000.dwc3_u3host: dwc3_host_init
[    9.881564] rtk-usb-power-manager 98000000.rtk_usb_power_manager: rtk_usb_init_power_on for 98013e00.rtk_dwc3_u3host
[    9.892392] rtk-dwc3 98013e00.rtk_dwc3_u3host: dwc3_rtk_probe ok! (take 580 ms)
[    9.900075] ehci_hcd: USB 2.0 'Enhanced' Host Controller (EHCI) Driver
[    9.906775] ehci-pci: EHCI PCI platform driver
[    9.911403] ehci-rtk: EHCI realtek driver init
[    9.916040] rtk-ehci 98013000.ehci: Probe Realtek-SoC USB EHCI Host Controller
[    9.923469] rtk-usb-phy-rle0599 98013824.usb_phy_rle0599: Init RTK USB phy-rle0599
[    9.931274] rtk-usb-phy-rle0599 98013824.usb_phy_rle0599: drivers/usb/phy/phy-rtk-rle0599.c Initialized RTK USB PHY rle0599
[    9.942722] rtk-ehci 98013000.ehci: EHCI Host Controller
[    9.948182] rtk-ehci 98013000.ehci: new USB bus registered, assigned bus number 1
[    9.956128] rtk-ehci 98013000.ehci: irq 10, io mem 0x98013000
[    9.979858] rtk-ehci 98013000.ehci: USB 2.0 started, EHCI 1.00
[    9.986467] hub 1-0:1.0: USB hub found
[    9.990345] hub 1-0:1.0: 1 port detected
[    9.994701] rtk-usb-power-manager 98000000.rtk_usb_power_manager: rtk_usb_init_power_on for 98013000.ehci
[   10.004518] rtk-ehci 98013000.ehci: ehci_rtk_drv_probe OK (take 90 ms)
[   10.011367] ohci_hcd: USB 1.1 'Open' Host Controller (OHCI) Driver
[   10.017779] rtk-ohci 98013400.ohci: Probe Realtek-SoC USB OHCI Host Controller
[   10.025238] rtk-ohci 98013400.ohci: Rtk Dmp OHCI
[   10.029992] rtk-ohci 98013400.ohci: new USB bus registered, assigned bus number 2
[   10.037672] rtk-ohci 98013400.ohci: irq 10, io mem 0x98013400
[   10.104371] hub 2-0:1.0: USB hub found
[   10.108235] hub 2-0:1.0: 1 port detected
[   10.112564] rtk-usb-power-manager 98000000.rtk_usb_power_manager: rtk_usb_init_power_on for 98013400.ohci
[   10.122412] rtk-ohci 98013400.ohci: ohci_rtk_drv_probe OK (take 110 ms)
[   10.129679] xhci-hcd xhci-hcd.2.auto: xHCI Host Controller
[   10.135322] xhci-hcd xhci-hcd.2.auto: new USB bus registered, assigned bus number 3
[   10.143622] xhci-hcd xhci-hcd.2.auto: hcc params 0x0220fe64 hci version 0x110 quirks 0x00010010
[   10.152555] xhci-hcd xhci-hcd.2.auto: irq 10, io mem 0x98020000
[   10.159142] hub 3-0:1.0: USB hub found
[   10.163018] hub 3-0:1.0: 1 port detected
[   10.167261] xhci-hcd xhci-hcd.2.auto: xHCI Host Controller
[   10.172906] xhci-hcd xhci-hcd.2.auto: new USB bus registered, assigned bus number 4
[   10.180809] usb usb4: We don't know the algorithms for LPM for this host, disabling LPM.
[   10.189590] hub 4-0:1.0: USB hub found
[   10.193464] hub 4-0:1.0: 1 port detected
[   10.197767] xhci-hcd xhci-hcd.5.auto: xHCI Host Controller
[   10.203420] xhci-hcd xhci-hcd.5.auto: new USB bus registered, assigned bus number 5
[   10.211717] xhci-hcd xhci-hcd.5.auto: hcc params 0x0220fe64 hci version 0x110 quirks 0x00010010
[   10.220650] xhci-hcd xhci-hcd.5.auto: irq 10, io mem 0x98029000
[   10.227215] hub 5-0:1.0: USB hub found
[   10.231092] hub 5-0:1.0: 1 port detected
[   10.235332] xhci-hcd xhci-hcd.5.auto: xHCI Host Controller
[   10.240992] xhci-hcd xhci-hcd.5.auto: new USB bus registered, assigned bus number 6
[   10.248884] usb usb6: We don't know the algorithms for LPM for this host, disabling LPM.
[   10.257722] hub 6-0:1.0: USB hub found
[   10.261601] hub 6-0:1.0: config failed, hub doesn't have any ports! (err -19)
[   10.269105] xhci-hcd xhci-hcd.8.auto: xHCI Host Controller
[   10.274749] xhci-hcd xhci-hcd.8.auto: new USB bus registered, assigned bus number 7
[   10.283025] xhci-hcd xhci-hcd.8.auto: hcc params 0x0220fe64 hci version 0x110 quirks 0x00010010
[   10.291963] xhci-hcd xhci-hcd.8.auto: irq 10, io mem 0x981f0000
[   10.298550] hub 7-0:1.0: USB hub found
[   10.302423] hub 7-0:1.0: 1 port detected
[   10.306667] xhci-hcd xhci-hcd.8.auto: xHCI Host Controller
[   10.312311] xhci-hcd xhci-hcd.8.auto: new USB bus registered, assigned bus number 8
[   10.320209] usb usb8: We don't know the algorithms for LPM for this host, disabling LPM.
[   10.328973] hub 8-0:1.0: USB hub found
[   10.332853] hub 8-0:1.0: 1 port detected
[   10.337330] usbcore: registered new interface driver usb-storage
[   10.343837] mousedev: PS/2 mouse device common for all mice
[   10.350068] rtc_rtk 9801b600.rtc: rtk_rtc already enabled 
[   10.355890] rtc_rtk 9801b600.rtc: rtc core: registered rtc as rtc0
[   10.362322] i2c /dev entries driver
[   10.366668] [HDMITx] Driver init
[   10.369991] [HDMITx] Mode = HDMI
[   10.373442] [HDMITx] hotplug gpio(107)
[   10.377415] [HDMITx] [setup_mute_gpio]
[   10.381274] [HDMITx] Undefined gpio-audio-mute, sikp setup_mute_gpio
[   10.387782] [HDMITx] [register_hdmitx_scdcrr]
[   10.392265] [HDMITx] Skip SCDC RR init
[   10.396322] [HDMITx] Driver init done
[   10.400649] md: linear personality registered for level -1
[   10.406276] md: raid0 personality registered for level 0
[   10.411739] md: raid1 personality registered for level 1
[   10.417188] md: raid10 personality registered for level 10
[   10.419859] usb 1-1: new high-speed USB device number 2 using rtk-ehci
[   10.429641] md: raid6 personality registered for level 6
[   10.435100] md: raid5 personality registered for level 5
[   10.440553] md: raid4 personality registered for level 4
[   10.446009] md: multipath personality registered for level -4
[   10.451912] md: faulty personality registered for level -5
[   10.457739] device-mapper: uevent: version 1.0.3
[   10.462664] device-mapper: ioctl: 4.34.0-ioctl (2015-10-28) initialised: dm-devel@redhat.com
[   10.471551] device-mapper: multipath: version 1.10.0 loaded
[   10.477267] device-mapper: multipath round-robin: version 1.0.0 loaded
[   10.483969] device-mapper: multipath queue-length: version 0.1.0 loaded
[   10.490757] device-mapper: multipath service-time: version 0.2.0 loaded
[   10.497591] device-mapper: dm-log-userspace: version 1.3.0 loaded
[   10.503851] device-mapper: raid: Loading target version 1.7.0
[   10.509777] device-mapper: cache cleaner: version 1.0.0 loaded
[   10.515970] rtk129x-cpufreq dvfs: use regulator(s)
[   10.521005] cpufreq: freq_table: frequency-table,rev1:
[   10.526270] cpufreq:  0 .volidx = 0 .freq =  300000 
[   10.531364] cpufreq:  1 .volidx = 0 .freq =  400000 
[   10.536449] cpufreq:  2 .volidx = 0 .freq =  500000 
[   10.541542] cpufreq:  3 .volidx = 2 .freq =  600000 
[   10.546627] cpufreq:  4 .volidx = 3 .freq =  700000 
[   10.551721] cpufreq:  5 .volidx = 4 .freq =  800000 
[   10.556810] cpufreq:  6 .volidx = 5 .freq =  900000 
[   10.561902] cpufreq:  7 .volidx = 6 .freq = 1000000 
[   10.566987] cpufreq:  8 .volidx = 8 .freq = 1100000 
[   10.572079] cpufreq:  9 .volidx = 10 .freq = 1200000 
[   10.575521] usb-storage 1-1:1.0: USB Mass Storage device detected
[   10.577435] scsi host3: usb-storage 1-1:1.0
[   10.587799] cpufreq: 10 .volidx = 12 .freq = 1300000 
[   10.592979] cpufreq: 11 .volidx = 13 .freq = 1400000 
[   10.598162] cpufreq: volt_table: voltage-table:
[   10.602813] cpufreq: 0 .vdd_min =  800000 .vdd_max =  800000 
[   10.608698] cpufreq: 1 .vdd_min =  812500 .vdd_max =  812500 
[   10.614593] cpufreq: 2 .vdd_min =  825000 .vdd_max =  825000 
[   10.620492] cpufreq: 3 .vdd_min =  850000 .vdd_max =  850000 
[   10.626377] cpufreq: 4 .vdd_min =  875000 .vdd_max =  875000 
[   10.632271] cpufreq: 5 .vdd_min =  900000 .vdd_max =  900000 
[   10.638156] cpufreq: 6 .vdd_min =  925000 .vdd_max =  925000 
[   10.644051] cpufreq: 7 .vdd_min =  950000 .vdd_max =  950000 
[   10.649945] cpufreq: 8 .vdd_min =  962500 .vdd_max =  962500 
[   10.655830] cpufreq: 9 .vdd_min =  975000 .vdd_max =  975000 
[   10.661724] cpufreq: 10 .vdd_min = 1012500 .vdd_max = 1012500 
[   10.667697] cpufreq: 11 .vdd_min = 1025000 .vdd_max = 1025000 
[   10.673677] cpufreq: 12 .vdd_min = 1062500 .vdd_max = 1062500 
[   10.679652] cpufreq: 13 .vdd_min = 1100000 .vdd_max = 1100000 
[   10.685634] cpufreq: volt_table: l2-voltage-table:
[   10.690550] cpufreq: 0 .vdd_min =  900000 .vdd_max =  900000 
[   10.696435] cpufreq: 1 .vdd_min =  900000 .vdd_max =  900000 
[   10.702328] cpufreq: 2 .vdd_min =  900000 .vdd_max =  900000 
[   10.708214] cpufreq: 3 .vdd_min =  900000 .vdd_max =  900000 
[   10.714106] cpufreq: 4 .vdd_min =  900000 .vdd_max =  900000 
[   10.720000] cpufreq: 5 .vdd_min =  900000 .vdd_max =  900000 
[   10.725885] cpufreq: 6 .vdd_min =  900000 .vdd_max =  900000 
[   10.731778] cpufreq: 7 .vdd_min =  900000 .vdd_max =  900000 
[   10.737663] cpufreq: 8 .vdd_min =  900000 .vdd_max =  900000 
[   10.743554] cpufreq: 9 .vdd_min =  900000 .vdd_max =  900000 
[   10.749440] cpufreq: 10 .vdd_min =  950000 .vdd_max =  950000 
[   10.755419] cpufreq: 11 .vdd_min =  950000 .vdd_max =  950000 
[   10.761402] cpufreq: 12 .vdd_min = 1000000 .vdd_max = 1000000 
[   10.767375] cpufreq: 13 .vdd_min = 1000000 .vdd_max = 1000000 
[   10.776025] hidraw: raw HID events driver (C) Jiri Kosina
[   10.781664] usbcore: registered new interface driver usbhid
[   10.787368] usbhid: USB HID core driver
[   10.791398] ashmem: initialized
[   10.795767] usbcore: registered new interface driver snd-usb-audio
[   10.802359] Netfilter messages via NETLINK v0.30.
[   10.807186] nfnl_acct: registering with nfnetlink.
[   10.812132] nf_conntrack version 0.5.0 (4645 buckets, 18580 max)
[   10.818395] ctnetlink v0.93: registering with nfnetlink.
[   10.824001] NET: Registered protocol family 10
[   10.829095] NET: Registered protocol family 17
[   10.833677] bridge: automatic filtering via arp/ip/ip6tables has been deprecated. Update your scripts to load br_netfilter if you need this.
[   10.846650] Bridge firewalling registered
[   10.850978] RPC: Registered rdma transport module.
[   10.855918] NET: Registered protocol family 33
[   10.860479] Key type rxrpc registered
[   10.864228] Key type rxrpc_s registered
[   10.868173] 8021q: 802.1Q VLAN Support v1.8
[   10.872484] Key type dns_resolver registered
[   10.876864] Key type ceph registered
[   10.880582] libceph: loaded (mon/osd proto 15/24)
[   10.885996] kAFS: Red Hat AFS client v0.1 registering.
[   10.891298] FS-Cache: Netfs 'afs' registered for caching
[   10.897351] Btrfs loaded, debug=on, assert=on, integrity-checker=on
[   10.903807] BTRFS: selftest: Running btrfs free space cache tests
[   10.910074] BTRFS: selftest: Running extent only tests
[   10.915346] BTRFS: selftest: Running bitmap only tests
[   10.920626] BTRFS: selftest: Running bitmap and extent tests
[   10.926433] BTRFS: selftest: Running space stealing from bitmap to extent
[   10.934361] BTRFS: selftest: Free space cache tests finished
[   10.940158] BTRFS: selftest: Running extent buffer operation tests
[   10.946306] BTRFS: selftest: Running btrfs_split_item tests
[   10.952235] BTRFS: selftest: Running find delalloc tests
[   11.125500] BTRFS: selftest: Running btrfs_get_extent tests
[   11.131423] BTRFS: selftest: Running hole first btrfs_get_extent test
[   11.138039] BTRFS: selftest: Running outstanding_extents tests
[   11.144148] BTRFS: selftest: Running qgroup tests
[   11.148964] BTRFS: selftest: Qgroup basic add
[   11.153488] BTRFS: selftest: Qgroup multiple refs test
[   11.235688] Key type encrypted registered
[   11.240101] [RTD129x PCIE Slot2] 9803b000.pcie2: PCIE host driver initial begin.
[   11.247676] [RTD129x PCIE Slot2] 9803b000.pcie2: Speed Mode: GEN2
[   11.254120] reset-rtk: DEASSERT    0x0801c004 [0x0f840e3d -> 0x0f8c0e3d] D 0x00080000, M 0x00080000
[   11.263388] reset-rtk: DEASSERT    0x0801c004 [0x0f8c0e3d -> 0x0f8e0e3d] D 0x00020000, M 0x00020000
[   11.272652] reset-rtk: DEASSERT    0x0801c004 [0x0f8e0e3d -> 0x0f9e0e3d] D 0x00100000, M 0x00100000
[   11.281918] reset-rtk: DEASSERT    0x0801c004 [0x0f9e0e3d -> 0x0fbe0e3d] D 0x00200000, M 0x00200000
[   11.291184] reset-rtk: DEASSERT    0x0801c004 [0x0fbe0e3d -> 0x0ffe0e3d] D 0x00400000, M 0x00400000
[   11.300448] reset-rtk: DEASSERT    0x0801c004 [0x0ffe0e3d -> 0x0fff0e3d] D 0x00010000, M 0x00010000
[   11.309709] reset-rtk: DEASSERT    0x08020050 [0x0000869f -> 0x0000c69f] D 0x00004000, M 0x00004000
[   11.549850] 
[   11.549850] ==========0xCB4:10000===============
[   11.556091] [RTD129x PCIE Slot2] 9803b000.pcie2: PCIE device has link down in slot 2
[   11.564024] [RTD129x PCIE Slot2] 9803b000.pcie2: rtk_pcie2_hw_initial fail
[   11.571086] [RTD129x PCIE Slot2]: probe of 9803b000.pcie2 failed with error -22
[   11.679842] [RTD129x PCIE Slot1] 9804e000.pcie: PCIE host driver initial begin.
[   11.687394] rtk_pcie_probe: gpio -2 is not valid
[   11.692166] reset-rtk: ASSERT      0x0801c004 [0x0fff0e3d -> 0x0fff0e3d] D 0x00000000, M 0x00000040
[   11.701433] reset-rtk: ASSERT      0x0801c004 [0x0fff0e3d -> 0x0fff0e3d] D 0x00000000, M 0x00000100
[   11.709310] scsi 3:0:0:0: Direct-Access              USB DISK 2.0     DL17 PQ: 0 ANSI: 6
[   11.709615] Attached to scsi3, channel 0, id 0, lun 0, type 0
[   11.724868] reset-rtk: ASSERT      0x0801c004 [0x0fff0e3d -> 0x0fff0e3d] D 0x00000000, M 0x00002000
[   11.734135] reset-rtk: ASSERT      0x0801c004 [0x0fff0e3d -> 0x0fff0e3d] D 0x00000000, M 0x00004000
[   11.743401] reset-rtk: ASSERT      0x0801c004 [0x0fff0e3d -> 0x0fff0e3d] D 0x00000000, M 0x00008000
[   11.752668] reset-rtk: ASSERT      0x0801c004 [0x0fff0e3d -> 0x0fff0e3d] D 0x00000000, M 0x00000080
[   11.761935] reset-rtk: ASSERT      0x08020050 [0x0000c69f -> 0x0000c69f] D 0x00000000, M 0x00002000
[   11.771225] reset-rtk: DEASSERT    0x0801c004 [0x0fff0e3d -> 0x0fff0e7d] D 0x00000040, M 0x00000040
[   11.780492] reset-rtk: DEASSERT    0x0801c004 [0x0fff0e7d -> 0x0fff0f7d] D 0x00000100, M 0x00000100
[   11.789753] reset-rtk: DEASSERT    0x0801c004 [0x0fff0f7d -> 0x0fff2f7d] D 0x00002000, M 0x00002000
[   11.799018] reset-rtk: DEASSERT    0x0801c004 [0x0fff2f7d -> 0x0fff6f7d] D 0x00004000, M 0x00004000
[   11.808283] reset-rtk: DEASSERT    0x0801c004 [0x0fff6f7d -> 0x0fffef7d] D 0x00008000, M 0x00008000
[   11.817549] reset-rtk: DEASSERT    0x0801c004 [0x0fffef7d -> 0x0fffeffd] D 0x00000080, M 0x00000080
[   11.826812] reset-rtk: DEASSERT    0x08020050 [0x0000c69f -> 0x0000e69f] D 0x00002000, M 0x00002000
[   11.971403] sd 3:0:0:0: [sda] 245760 512-byte logical blocks: (126 MB/120 MiB)
[   11.980024] sd 3:0:0:0: [sda] Write Protect is off
[   11.986149] sd 3:0:0:0: [sda] No Caching mode page found
[   11.991598] sd 3:0:0:0: [sda] Assuming drive cache: write through
[   12.028407]  sda: sda1
[   12.034772] sd 3:0:0:0: [sda] Attached SCSI removable disk
[   12.119863] reset-rtk: ASSERT      0x0801c004 [0x0fffeffd -> 0x0fffefbd] D 0x00000040, M 0x00000040
[   12.129124] reset-rtk: ASSERT      0x0801c004 [0x0fffefbd -> 0x0fffeebd] D 0x00000100, M 0x00000100
[   12.138389] reset-rtk: ASSERT      0x0801c004 [0x0fffeebd -> 0x0fffcebd] D 0x00002000, M 0x00002000
[   12.147654] reset-rtk: ASSERT      0x0801c004 [0x0fffcebd -> 0x0fff8ebd] D 0x00004000, M 0x00004000
[   12.156919] reset-rtk: ASSERT      0x0801c004 [0x0fff8ebd -> 0x0fff0ebd] D 0x00008000, M 0x00008000
[   12.166186] reset-rtk: ASSERT      0x0801c004 [0x0fff0ebd -> 0x0fff0e3d] D 0x00000080, M 0x00000080
[   12.175453] reset-rtk: ASSERT      0x08020050 [0x0000e69f -> 0x0000c69f] D 0x00002000, M 0x00002000
[   12.184741] [RTD129x PCIE Slot1] 9804e000.pcie: PCIE device has link down in slot 1
[   12.192587] [RTD129x PCIE Slot1] 9804e000.pcie: rtk_pcie_hw_initial fail
[   12.199453] [RTD129x PCIE Slot1]: probe of 9804e000.pcie failed with error -22
[   12.207117] scpu wrappee irq 23, scpu_wrap_addr 0xffffff80130ac000
[   12.207117] 
[   12.215884] [SCPU_WRAPPER] initialized
[   12.219931] rtk-fan 9801bc00.rtk_fan: rtk_fan_probe Enter ..
[   12.225773] reset-rtk: DEASSERT    0x08020050 [0x0000c69f -> 0x0000ce9f] D 0x00000800, M 0x00000800
[   12.235066] --- debug : rtd1295_pwm_config : hwpwm=0, enable=1 duty_ns=18939 period_ns=37878
[   12.243711] --- debug : target_div=1022, real_div=1020, osd=1, ocd=254
[   12.250398] --- set_real_freq_by_target_freq debug : hwpwm=0, target_freq=26400, real_freq=26470, osd=1, ocd=254
[   12.260820] --- set_real_period_by_target_period debug : hwpwm=0, target_period_ns=37878 (freq=26400), real_period_ns=37778 (real_freq=26470), osd=1, ocd=254
[   12.275242] --- debug : pwm_set_register -- set index 0 OCD=254,CD=126,CSD=1
[   12.282462] --- debug :  ---- pwm_set_register --- done! 
[   12.288007] rtk-fan 9801bc00.rtk_fan: rtk_fan_probe Exit
[   12.293490] DRM rtk_platform_drm_init
[   12.297375] DRM rtk_platform_drm_probe
[   12.301217] DRM rtk_drm_init
[   12.304167] RTK DRM initialize, driver name: realtek, version 1.5
[   12.310807] DRM rtk_drm_load 191
[   12.314155] DRM rtk_crtc_create 435
[   12.317765] DRM rtk_connector_create 185
[   12.321884] [drm] Supports vblank timestamp caching Rev 2 (21.10.2013).
[   12.328655] [drm] No driver support for vblank timestamp query.
[   12.334745] create vblank thread success
[   12.338762] DRM rtk_drm_load 265
[   12.342078] [drm] Initialized realtek 1.5.0 20170207 on minor 0
[   12.348238] rtc_rtk 9801b600.rtc: setting system clock to 2021-04-09 00:18:59 UTC (1617927539)
[   12.357191] v4l2loopback driver version 0.10.0 loaded
[   12.368761] thermal cooling_device0: thermal-cpufreq-0 bind to TP0: 1 -> 6, ret = 0
[   12.376618] thermal cooling_device0: thermal-cpufreq-0 bind to TP1: 7 -> 11, ret = 0
[   12.390629] corectrl: token_owenr X -> cpufreq
[   12.397823] ALSA device list:
[   12.400871]   #0: snd_alsa_rtk
[   12.404197] ttyS0 - failed to request DMA
[   12.408582] Freeing unused kernel memory: 576K (ffffffc001120000 - ffffffc0011b0000)
[   12.416530] This architecture does not have kernel memory protection.
[   12.423128] execute ramdisk excutre command 
[   12.437448] init: Console is alive
script mntcore get lock
mdadm: cannot open /dev/sd[a-z]2: No such file or directory
start RAID core with disk:
start RAID core failed
script mntcore put lock
[   20.549844] pctrl-rtk: rtk_powerctrl_manager: begin
[   20.554892] pctrl-rtk: pctrl_l4_icg_jpeg::ENABLE_HW_PM, ret = -1
[   20.566061] pctrl-rtk: pctrl_l4_icg_aio::ENABLE_HW_PM, ret = -1
[   20.577144] pctrl-rtk: pctrl_video_dac::POWER_OFF, ret = 0
[   20.587776] pctrl-rtk: pctrl_l4_icg_se::ENABLE_HW_PM, ret = 0
[   20.598673] pctrl-rtk: pctrl_l4_icg_mipi::ENABLE_HW_PM, ret = -1
[   20.609927] reset-rtk: DEASSERT    0x0801a000 [0x9fd8f7f5 -> 0xdfd8f7f5] D 0x40000000, M 0x40000000
[   20.619192] reset-rtk: ASSERT      0x0801a000 [0xdfd8f7f5 -> 0x9fd8f7f5] D 0x40000000, M 0x40000000
[   20.628457] pctrl-rtk: pctrl_mipi_aphy::POWER_OFF, ret = 0
[   20.639260] pctrl-rtk: pctrl_l4_icg_scpu_wrapper::ENABLE_HW_PM, ret = 0
[   20.671072] pctrl-rtk: pctrl_l4_icg_rsa::ENABLE_HW_PM, ret = 0
[   20.687059] pctrl-rtk: pctrl_l4_icg_cp::ENABLE_HW_PM, ret = 0
[   20.702965] pctrl-rtk: pctrl_l4_icg_gspi::ENABLE_HW_PM, ret = -1
[   20.714170] pctrl-rtk: pctrl_nat::POWER_OFF, ret = 0
[   20.724261] pctrl-rtk: pctrl_l4_icg_nat_wrap::ENABLE_HW_PM, ret = -1
[   20.745826] pctrl-rtk: rtk_powerctrl_manager: done
script mntcore get lock
mdadm: cannot open /dev/sd[a-z]2: No such file or directory
start RAID core with disk:
start RAID core failed
script mntcore put lock
script mntcore get lock
mdadm: cannot open /dev/sd[a-z]2: No such file or directory
start RAID core with disk:
start RAID core failed
script mntcore put lock
script mntcore get lock
mdadm: cannot open /dev/sd[a-z]2: No such file or directory
start RAID core with disk:
start RAID core failed
script mntcore put lock
script mntcore get lock
mdadm: cannot open /dev/sd[a-z]2: No such file or directory
start RAID core with disk:
start RAID core failed
script mntcore put lock
[   38.137174] random: nonblocking pool is initialized
script mntcore get lock
mdadm: cannot open /dev/sd[a-z]2: No such file or directory
start RAID core with disk:
start RAID core failed
script mntcore put lock
script mntcore get lock
mdadm: cannot open /dev/sd[a-z]2: No such file or directory
start RAID core with disk:
start RAID core failed
script mntcore put lock
script mntcore get lock
mdadm: cannot open /dev/sd[a-z]2: No such file or directory
start RAID core with disk:
start RAID core failed
script mntcore put lock
script mntcore get lock
mdadm: cannot open /dev/sd[a-z]2: No such file or directory
start RAID core with disk:
start RAID core failed
script mntcore put lock
script mntcore get lock
mdadm: cannot open /dev/sd[a-z]2: No such file or directory
sta[   62.611174] init:  mount core okkkkkkkkkkkkkkkkkkkkk!!!!
rt RAID core with disk:
start RAID core failed
script mntcore [   62.620266] led cmd gpio_keys_probe 712 
put lock
[   62.627211] led cmd gpio_keys_probe 719 
[   62.632056] led cmd gpio_keys_probe 722 
[   62.636072] led cmd gpio_keys_probe 724 
[   62.640092] led cmd gpio_keys_probe 729 
[   62.644114] led cmd gpio_keys_probe 731 
[   62.648129] led cmd gpio_keys_probe 740 
[   62.652148] led cmd gpio_keys_probe 744 
[   62.656162] led cmd gpio_keys_probe 746 
[   62.660180] led cmd gpio_keys_probe 758 
[   62.664195] led cmd gpio_keys_probe 769 
[   62.668208] led cmd gpio_keys_probe 773 
[   62.672226] led cmd gpio_keys_probe 776 
[   62.676305] led cmd gpio_keys_probe 781 
[   62.680353] led cmd gpio_keys_probe 786 
[   62.684377] led cmd gpio_keys_probe 794 
[   62.688500] input: gpio-keys as /devices/platform/gpio-keys/input/input1
[   62.695474] led cmd gpio_keys_probe 802 
[   62.708311] init: - preinit -
Press the [f] key and hit [enter] to enter failsafe mode
Press the [1], [2], [3] or [4] key and hit [enter] to select the debug level
[   64.752406] procd: - early -
[   65.375629] procd: - ubus -
[   65.428916] procd: - init -
Please press Enter to activate this console.
[   65.496515] Loading modules backported from Linux version wt-2017-11-01-0-gfe248fc2c180
[   65.504789] Backport generated by backports.git v4.14-rc2-1-31-g86cf0e5d
[   66.728133] bonding: bond0 is being deleted...
[   66.732925] bond0 (unregistering): Released all slaves
[   66.908574] EXT4-fs (sda1): recovery complete
[   66.915474] r8169 98016000.gmac eth0: rtl_csiar_cond == 0 (loop: 100, delay: 10).
[   66.915731] EXT4-fs (sda1): mounted filesystem with ordered data mode. Opts: (null)
[   66.932312] r8169 98016000.gmac eth0: rtl_csiar_cond == 1 (loop: 100, delay: 10).
[   66.941232] r8169 98016000.gmac eth0: link down
[   66.946075] IPv6: ADDRCONF(NETDEV_UP): eth0: link is not ready
f


BusyBox v1.23.2 (2019-10-30 12:11:08 CST) built-in shell (ash)

Wellcom to TNAS
root@TNAS:/# ls
bin      etc      lib64    overlay  rom      run      sys      usr
dev      lib      mnt      proc     root     sbin     tmp      var
root@TNAS:/# sufwfwroot@TNAS:/# fw_
fw_printenv  fw_setenv
root@TNAS:/# fw_proot@TNAS:/# fw_printenv 
audio_loadaddr=0x01b00000
baudrate=115200
bootcmd=bootr
bootcodeimgaddr=0x20000
bootcodeimgname=openwrt-rtd1295-bootcode.bin
bootcodeimgsize=0x80000
bootdelay=0
ethact=r8168#0
ethaddr=6c:bf:b5:01:14:90
ethprime=r8168#0
fdt_high=0xffffffffffffffff
fdt_loadaddr=0x02100000
fwimgaddr=0xA0000
fwimgname=openwrt-rtd1295-nas_spi-rtk-spi-8M-initrd-sysupgrade.bin
fwimgsize=0xEC0000
gatewayip=10.18.13.1
ipaddr=10.18.13.58
kernel_loadaddr=0x04000000
loadaddr=0x01500000
mtd_part=mtdparts=rtk_nand:
netmask=255.255.255.0
rescue_rootfs_loadaddr=0x02200000
rootfs_loadaddr=0x02200000
serverip=10.18.13.134
sn=F2210-CN36-1024-000001
upgrade_bootcode_tftp=tftp ${loadaddr} ${bootcodeimgname} && setenv upfwtftp 1; if test -n ${upfwtftp}; then rtkspi erase ${bootcodeimgaddr} ${bootcodeimgsize};rtkspi write ${bootcodeimgaddr} ${loadaddr} ${bootcodeimgsize}; reset; fi;
upgrade_bootcode_usb=usb start;fatload usb 0:1 ${loadaddr} ${bootcodeimgname} && setenv upfwusb 1; if test -n ${upfwusb}; then rtkspi erase ${bootcodeimgaddr} ${bootcodeimgsize};rtkspi write ${bootcodeimgaddr} ${loadaddr} ${bootcodeimgsize}; reset; fi;
upgrade_img_tftp=tftp ${loadaddr} ${fwimgname} && setenv upfwtftp 1; if test -n ${upfwtftp}; then rtkspi erase ${fwimgaddr} ${fwimgsize};rtkspi write ${fwimgaddr} ${loadaddr} ${fwimgsize}; fi;
upgrade_img_usb=usb start;fatload usb 0:1 ${loadaddr} ${fwimgname} && setenv upfwusb 1; if test -n ${upfwusb}; then rtkspi erase ${fwimgaddr} ${fwimgsize};rtkspi write ${fwimgaddr} ${loadaddr} ${fwimgsize}; fi;
aconstat=0
root@TNAS:/# 
root@TNAS:/# 
root@TNAS:/# 
root@TNAS:/# root@TNAS:/# fw_printenv 
audio_loadaddr=0x01b00000
baudrate=115200
bootcmd=bootr
bootcodeimgaddr=0x20000
bootcodeimgname=openwrt-rtd1295-bootcode.bin
bootcodeimgsize=0x80000
bootdelay=0
ethact=r8168#0
ethaddr=6c:bf:b5:01:14:90
ethprime=r8168#0
fdt_high=0xffffffffffffffff
fdt_loadaddr=0x02100000
fwimgaddr=0xA0000
fwimgname=openwrt-rtd1295-nas_spi-rtk-spi-8M-initrd-sysupgrade.bin
fwimgsize=0xEC0000
gatewayip=10.18.13.1
ipaddr=10.18.13.58
kernel_loadaddr=0x04000000
loadaddr=0x01500000
mtd_part=mtdparts=rtk_nand:
netmask=255.255.255.0
rescue_rootfs_loadaddr=0x02200000
rootfs_loadaddr=0x02200000
serverip=10.18.13.134
sn=F2210-CN36-1024-000001
upgrade_bootcode_tftp=tftp ${loadaddr} ${bootcodeimgname} && setenv upfwtftp 1; if test -n ${upfwtftp}; then rtkspi erase ${bootcodeimgaddr} ${bootcodeimgsize};rtkspi write ${bootcodeimgaddr} ${loadaddr} ${bootcodeimgsize}; reset; fi;
upgrade_bootcode_usb=usb start;fatload usb 0:1 ${loadaddr} ${bootcodeimgname} && setenv upfwusb 1; if test -n ${upfwusb}; then rtkspi erase ${bootcodeimgaddr} ${bootcodeimgsize};rtkspi write ${bootcodeimgaddr} ${loadaddr} ${bootcodeimgsize}; reset; fi;
upgrade_img_tftp=tftp ${loadaddr} ${fwimgname} && setenv upfwtftp 1; if test -n ${upfwtftp}; then rtkspi erase ${fwimgaddr} ${fwimgsize};rtkspi write ${fwimgaddr} ${loadaddr} ${fwimgsize}; fi;
upgrade_img_usb=usb start;fatload usb 0:1 ${loadaddr} ${fwimgname} && setenv upfwusb 1; if test -n ${upfwusb}; then rtkspi erase ${fwimgaddr} ${fwimgsize};rtkspi write ${fwimgaddr} ${loadaddr} ${fwimgsize}; fi;
aconstat=0
root@TNAS:/# 
root@TNAS:/# 
root@TNAS:/# 
root@TNAS:/# 
root@TNAS:/# 
root@TNAS:/# 
root@TNAS:/# 
root@TNAS:/# root@TNAS:/# fw_printenv 
audio_loadaddr=0x01b00000
baudrate=115200
bootcmd=bootr
bootcodeimgaddr=0x20000
bootcodeimgname=openwrt-rtd1295-bootcode.bin
bootcodeimgsize=0x80000
bootdelay=0
ethact=r8168#0
ethaddr=6c:bf:b5:01:14:90
ethprime=r8168#0
fdt_high=0xffffffffffffffff
fdt_loadaddr=0x02100000
fwimgaddr=0xA0000
fwimgname=openwrt-rtd1295-nas_spi-rtk-spi-8M-initrd-sysupgrade.bin
fwimgsize=0xEC0000
gatewayip=10.18.13.1
ipaddr=10.18.13.58
kernel_loadaddr=0x04000000
loadaddr=0x01500000
mtd_part=mtdparts=rtk_nand:
netmask=255.255.255.0
rescue_rootfs_loadaddr=0x02200000
rootfs_loadaddr=0x02200000
serverip=10.18.13.134
sn=F2210-CN36-1024-000001
upgrade_bootcode_tftp=tftp ${loadaddr} ${bootcodeimgname} && setenv upfwtftp 1; if test -n ${upfwtftp}; then rtkspi erase ${bootcodeimgaddr} ${bootcodeimgsize};rtkspi write ${bootcodeimgaddr} ${loadaddr} ${bootcodeimgsize}; reset; fi;
upgrade_bootcode_usb=usb start;fatload usb 0:1 ${loadaddr} ${bootcodeimgname} && setenv upfwusb 1; if test -n ${upfwusb}; then rtkspi erase ${bootcodeimgaddr} ${bootcodeimgsize};rtkspi write ${bootcodeimgaddr} ${loadaddr} ${bootcodeimgsize}; reset; fi;
upgrade_img_tftp=tftp ${loadaddr} ${fwimgname} && setenv upfwtftp 1; if test -n ${upfwtftp}; then rtkspi erase ${fwimgaddr} ${fwimgsize};rtkspi write ${fwimgaddr} ${loadaddr} ${fwimgsize}; fi;
upgrade_img_usb=usb start;fatload usb 0:1 ${loadaddr} ${fwimgname} && setenv upfwusb 1; if test -n ${upfwusb}; then rtkspi erase ${fwimgaddr} ${fwimgsize};rtkspi write ${fwimgaddr} ${loadaddr} ${fwimgsize}; fi;
aconstat=0
root@TNAS:/# 
root@TNAS:/# 
root@TNAS:/# 
root@TNAS:/# 
root@TNAS:/# fwroot@TNAS:/# fw_
fw_printenv  fw_setenv
root@TNAS:/# fw_
fw_printenv  fw_setenv
root@TNAS:/# fw_sroot@TNAS:/# fw_setenv --help
fw_printenv/fw_setenv, a command line interface to U-Boot environment

usage:	fw_printenv [-a key] [-n] [variable name]
	fw_setenv [-a key] [variable name] [variable value]
	fw_setenv -s [ file ]
	fw_setenv -s - < [ file ]

The file passed as argument contains only pairs name / value
Example:
# Any line starting with # is treated as comment

	      netdev         eth0
	      kernel_addr    400000
	      var1
	      var2          The quick brown fox jumps over the lazy dog

A variable without value will be dropped. It is possible
to put any number of spaces between the fields, but any
space inside the value is treated as part of the value itself.

root@TNAS:/# fwse==root@TNAS:/# fw_sroot@TNAS:/# fw_setenv bootcmd 
root@TNAS:/# 
root@TNAS:/# 
root@TNAS:/# 
root@TNAS:/# 
root@TNAS:/# 
root@TNAS:/# 
root@TNAS:/# 
root@TNAS:/# root@TNAS:/# fw_setenv bootcmd root@TNAS:/# fw_setenv --helproot@TNAS:/# fw_printenv 
audio_loadaddr=0x01b00000
baudrate=115200
bootcodeimgaddr=0x20000
bootcodeimgname=openwrt-rtd1295-bootcode.bin
bootcodeimgsize=0x80000
bootdelay=0
ethact=r8168#0
ethaddr=6c:bf:b5:01:14:90
ethprime=r8168#0
fdt_high=0xffffffffffffffff
fdt_loadaddr=0x02100000
fwimgaddr=0xA0000
fwimgname=openwrt-rtd1295-nas_spi-rtk-spi-8M-initrd-sysupgrade.bin
fwimgsize=0xEC0000
gatewayip=10.18.13.1
ipaddr=10.18.13.58
kernel_loadaddr=0x04000000
loadaddr=0x01500000
mtd_part=mtdparts=rtk_nand:
netmask=255.255.255.0
rescue_rootfs_loadaddr=0x02200000
rootfs_loadaddr=0x02200000
serverip=10.18.13.134
sn=F2210-CN36-1024-000001
upgrade_bootcode_tftp=tftp ${loadaddr} ${bootcodeimgname} && setenv upfwtftp 1; if test -n ${upfwtftp}; then rtkspi erase ${bootcodeimgaddr} ${bootcodeimgsize};rtkspi write ${bootcodeimgaddr} ${loadaddr} ${bootcodeimgsize}; reset; fi;
upgrade_bootcode_usb=usb start;fatload usb 0:1 ${loadaddr} ${bootcodeimgname} && setenv upfwusb 1; if test -n ${upfwusb}; then rtkspi erase ${bootcodeimgaddr} ${bootcodeimgsize};rtkspi write ${bootcodeimgaddr} ${loadaddr} ${bootcodeimgsize}; reset; fi;
upgrade_img_tftp=tftp ${loadaddr} ${fwimgname} && setenv upfwtftp 1; if test -n ${upfwtftp}; then rtkspi erase ${fwimgaddr} ${fwimgsize};rtkspi write ${fwimgaddr} ${loadaddr} ${fwimgsize}; fi;
upgrade_img_usb=usb start;fatload usb 0:1 ${loadaddr} ${fwimgname} && setenv upfwusb 1; if test -n ${upfwusb}; then rtkspi erase ${fwimgaddr} ${fwimgsize};rtkspi write ${fwimgaddr} ${loadaddr} ${fwimgsize}; fi;
aconstat=0
root@TNAS:/# re boot
root@TNAS:/# 
root@TNAS:/# 
root@TNAS:/# [ 1002.261542] rtk-dwc3 98013e00.rtk_dwc3_u3host: dwc3_rtk_shutdown start ...
[ 1002.268697] xhci-hcd xhci-hcd.8.auto: remove, state 4
[ 1002.273914] usb usb8: USB disconnect, device number 1
[ 1002.279473] xhci-hcd xhci-hcd.8.auto: USB bus 8 deregistered
[ 1002.285286] xhci-hcd xhci-hcd.8.auto: remove, state 4
[ 1002.290472] usb usb7: USB disconnect, device number 1
[ 1002.295924] xhci-hcd xhci-hcd.8.auto: USB bus 7 deregistered
[ 1002.301851] rtk-dwc3 98013e00.rtk_dwc3_u3host: dwc3_rtk_shutdown ok!
[ 1002.308363] rtk-dwc3 98013c00.rtk_dwc3_u2host: dwc3_rtk_shutdown start ...
[ 1002.315478] xhci-hcd xhci-hcd.5.auto: remove, state 4
[ 1002.320665] usb usb6: USB disconnect, device number 1
[ 1002.326082] xhci-hcd xhci-hcd.5.auto: USB bus 6 deregistered
[ 1002.331890] xhci-hcd xhci-hcd.5.auto: remove, state 4
[ 1002.337069] usb usb5: USB disconnect, device number 1
[ 1002.342525] xhci-hcd xhci-hcd.5.auto: USB bus 5 deregistered
[ 1002.348428] rtk-dwc3 98013c00.rtk_dwc3_u2host: dwc3_rtk_shutdown ok!
[ 1002.354948] rtk-dwc3 98013200.rtk_dwc3_drd: dwc3_rtk_shutdown start ...
[ 1002.361795] xhci-hcd xhci-hcd.2.auto: remove, state 4
[ 1002.366975] usb usb4: USB disconnect, device number 1
[ 1002.372432] xhci-hcd xhci-hcd.2.auto: USB bus 4 deregistered
[ 1002.378232] xhci-hcd xhci-hcd.2.auto: remove, state 4
[ 1002.383422] usb usb3: USB disconnect, device number 1
[ 1002.388876] xhci-hcd xhci-hcd.2.auto: USB bus 3 deregistered
[ 1002.394803] rtk-dwc3 98013200.rtk_dwc3_drd: dwc3_rtk_shutdown ok!
[ 1002.401415] [SATA] enter rtk_ahci_suspend
[ 1002.405534] reset-rtk: ASSERT      0x0801a000 [0x9fd8f7f5 -> 0x9fd8f7d5] D 0x00000020, M 0x00000020
[ 1002.414805] reset-rtk: ASSERT      0x0801a000 [0x9fd8f7d5 -> 0x9fd8f755] D 0x00000080, M 0x00000080
[ 1002.424074] reset-rtk: ASSERT      0x0801a000 [0x9fd8f755 -> 0x9fd8f355] D 0x00000400, M 0x00000400
[ 1002.433342] reset-rtk: ASSERT      0x08020050 [0x0000ce9f -> 0x0000ca9f] D 0x00000400, M 0x00000400
[ 1002.442607] reset-rtk: ASSERT      0x08020050 [0x0000ca9f -> 0x0000c89f] D 0x00000200, M 0x00000200
[ 1002.451872] reset-rtk: ASSERT      0x08020050 [0x0000c89f -> 0x0000c81f] D 0x00000080, M 0x00000080
[ 1002.461136] [SATA] exit rtk_ahci_suspend
[ 1002.465454] [RTK_RPC] Enter venus_rpc_pm_suspend
[ACPU] receive rtk_if_prepare_suspend
[ 1002.483192] uScancode = 0x18 , uScancode_msk = 0xff0000 enter rtk_standby_main, watchdog sec 0  0x00000000
[ACPU] IR key is  0x00000018 mask  0x00ff0000 shift 16
GET_S
USPEND_VERSION == 2
wait rtk_check_system_ready_to_suspend author 1 notify 0
[ 1002.514458] [RTK_RPC] Wait 39 ms
[ 1002.525085] [RTK_RPC] Exit venus_rpc_pm_suspend
[ 1002.529730] [IRDA] Enter venus_ir_pm_suspend
[ 1002.534112] [IRDA] Exit venus_ir_pm_suspend
[ 1002.538555] rtk-usb-power-manager 98000000.rtk_usb_power_manager: [USB] Enter rtk_usb_manager_shutdown S5 (shutdown)
[ 1002.549409] reset-rtk: ASSERT      0x08028000 [0x9fd8f355 -> 0x9fd8f255] D 0x00000100, M 0x00000100
[ 1002.558676] reset-rtk: ASSERT      0x08028000 [0x9fd8f255 -> 0x9fd8f055] D 0x00000200, M 0x00000200
[ 1002.567942] reset-rtk: ASSERT      0x08028004 [0x0fff0e3d -> 0x0fff0e35] D 0x00000008, M 0x00000008
[ 1002.577207] reset-rtk: ASSERT      0x08028004 [0x0fff0e35 -> 0x0fff0e31] D 0x00000004, M 0x00000004
[ 1002.586474] reset-rtk: ASSERT      0x08028000 [0x9fd8f055 -> 0x9fd8f051] D 0x00000004, M 0x00000004
[ 1002.595739] reset-rtk: ASSERT      0x08028004 [0x0fff0e31 -> 0x0fff0e21] D 0x00000010, M 0x00000010
[ 1002.605004] reset-rtk: ASSERT      0x0801a000 [0x9fd8f051 -> 0x9fd8f041] D 0x00000010, M 0x00000010
[ 1002.614270] reset-rtk: ASSERT      0x0801c004 [0x0fff0e21 -> 0x0fff0e01] D 0x00000020, M 0x00000020
[ 1002.623534] reset-rtk: ASSERT      0x0801a000 [0x9fd8f041 -> 0x9fd8f001] D 0x00000040, M 0x00000040
[ 1002.632803] rtk-usb-power-manager 98000000.rtk_usb_power_manager: [USB] Exit rtk_usb_manager_shutdown
[ 1002.642318] reboot: Restarting system

C1:80000000
C2
?
C3h
hwsetting size: 00000738
C4
f 
5-5
s_f
5-5-2
Goto FSBL: 0x10100000
Welcome to FSBL ...
[FSBL] Warm Boot: 0x00000000
[FSBL] Secure: 0x0000BEEE
[FSBL] Flash Type: 0x00000001
[FSBL] DCache Enable: 0x00000000
********** FW_TYPE_BOOTCODE **********
    FW Image to 0x00020000, size=0x0005A760 (0x0007A760)
    FW Image fr 0x88121000 
md copy audio bin
j 64b


U-Boot 2015.07 (Oct 30 2019 - 12:11:10 +0800)

CPU  : Cortex-A53 Quad Core - AARCH64
Board: Realtek QA Board
DRAM:  1 GiB
Watchdog: Disabled
mapping memory 0x20000000-0x40000000 non-cached
flushing dcache successfully.
nor flash id [0x00ef4018]
sector 256k en: 0
sector  64k en: 1
sector  32k en: 1
sector   4k en: 1
page_program  : 1
max capacity  : 0x01000000
spi type name : WINBOND_W325Q128BV_128Mbit
Factory: NOR
*** rtkspi_read32 345, tar 0x078800b0, src 0x88110000, len 0x00000200
*** rtkspi_read32 345, tar 0x078802c0, src 0x88112800, len 0x00000200
*** rtkspi_read32 345, tar 0x078800b0, src 0x88118000, len 0x00000200
*** rtkspi_read32 345, tar 0x07000000, src 0x88110000, len 0x00002800
Factory: pp:0, seq#:0x1, size:0x2800
------------tmp/factory/000BootParam.h found
[logo]src w/h=1920/1080 dst w/h=3840/2160
*** rtkspi_read32_md 422, tar 0x000eff9c, src 0x88100000, len 0x00000008
*** rtkspi_read32_md 422, tar 0x000effa0, src 0x88100000, len 0x00010000
In:    serial
Out:   serial
Err:   serial
HDMITx_HPD=False
------------can't find tmp/factory/video_rpc.bin
tv_system=25 mode=1
==== DP not detect ====
RTK_set_power_saving_config:Default POWERE_ON_S5 not set
Net:   Realtek PCIe GBE Family Controller mcfg = 0024
dev->name=r8168#0
Checking default environment
Saving Environment to SPI NOR...
min erase size : 0x00001000
*** adjust start addr : 0x88100000
*** adjust end addr : 0x88110000
eccc
*** rtkspi_write8 497, tar 0x88100000, src 0x000efd70, len 0x00010000
................................................................
Hit Esc or Tab key to enter console mode or rescue linux:  0 
------------can't find tmp/factory/recovery
======== Checking into android recovery ====

Power-Key stat:1
check_acpu_boot_notification, boot-reason : 0xaabbcc00
Reboot triggered by Kernel
customize_check_normal_boot : bootup from ACPU notify
Start Boot Setup ... 
*** rtkspi_read32_md 422, tar 0x0b000000, src 0x881a0000, len 0x00050000
*** rtkspi_read32_md 422, tar 0x0b000000, src 0x881f0000, len 0x00160000
*** rtkspi_read32_md 422, tar 0x02100000, src 0x88350000, len 0x00010000
*** rtkspi_read32_md 422, tar 0x0b000000, src 0x88360000, len 0x00780000
*** rtkspi_read32_md 422, tar 0x02200000, src 0x88ae0000, len 0x00580000
flushing dcache successfully.
Start Audio Firmware ...
flushing dcache successfully.
Wrong Image Forma[tA UfDoIrO] Rdoo_sSbotoatrit TcasokmCmarendat
eEHRoRokO!R: 
[cabno'ntd ingge]t  1ke29rn5e lc hiipma
gCel!as
sifyBonding num =  0x00000001 PB (PA)
[FW]Bring up hwsetting
Finish kylin_bring_temp hwsetting
[Audio]SetTickRate  0x000000c8
[ACPU]: Set protect 6 fail, protect 6 is already enable : 0x00000040!!


HDMI Raw Enable: AC3, DTS, MPEG2 AAC, DDP, 

SPDIF Raw Enable: AC3, DTS, MPEG2 AAC, 

Force 2ch Format: DTS, DTSHD, AC3, DDP, MLP, AAC, WMAPRO, 

[AO][InitHDMIVideoType]HDMI Frequecny 148, resolution 25


@@@@@@@One Step TV System magic number = 0xc0de0bee, addr = 0xa001f800@@@@@@@

@@@@@@@@@ boot_info->tv_sys.interfaceType 0
vo->hdr_ctrl.hdr_out_ctrl_mode:0
[VO]HDRModeConfig:vo->tv_cap.tv_type:0
HDMIOff = 0
[VO]vo->is_hdmi_off_clock_on:0
[VO_SetVideoStandard]st 25 p 1 1 0
[VO_SetVideoStandard]dp_standard:1 data0  0x00000004 data1  0x00000000
[VO_SetVideoStandard]HDMIoff 0 is_tve_on 0 user_cvbs_off 1
## Flattened Device Tree blob at 02100000
   Booting using the fdt blob at 0x2100000
   reserving fdt memory region: addr=0 size=30000
   reserving fdt memory region: addr=2200000 size=400000
   reserving fdt memory region: addr=1f000 size=1000
   reserving fdt memory region: addr=2e00000 size=d200000
   reserving fdt memory region: addr=1b00000 size=400000
   reserving fdt memory region: addr=2600000 size=800000
   reserving fdt memoryl rvedsgi.ofno:rm aatd d0r= p1fofret0_s0e0t tsiiznge= 4 00x0000
0 0 0 3r8e1 slevrvdsin_wg bf d0t
 mvoem->ormyi xreer_gciaonll: _addsdrr:= 01x2000000000000 0s0i
z[e=VaO 0s00e0t0T0VSt
a  n draersd e2r5vi 3ngD  f0d t0 ]m
emo
r(yT VrE)e gTioVEn:_ DaAdCd_rmo=d1e00 000,0c0m0d -s>einzPer=o1g40 100!!
 
~ ~ cUosminp g 0D,e vcihc2 e0 ,Tr meeo dien_ 3pDl 0a!c!e 
at 0Se00tV00i0d0e0oS0t2a1n0d00ar0d0,  reentudr n0!000
0
0(0V0O0_2C11on17fdidgHD
MI_InfoFrame) L:279, is_hdmi_plugi[nF D1T,]  hmadcm i=Mo d6ec :b1!f!:Mb5od:0e1 :11 d4a:t90aB
yte1  0x000000[0FD0 T]  0xu0p0d0at00e 00MA0C   a0xd0d0re00ss00
00
BrdiantgaB yUtPe s4 la v0ex 00C0P0U0s0
00 
S t0xa0r0t0i0ng00 K0e0r ninelt0 . . .0x0
00
00001

(HDMI_3D) mode 1, HDMI_gen 1, En_3D 0, Format_3D 0 scramble:0 rrange:0 yrange:0f lRuGBs_hionr_gY CdbcCacrh:0e  Psiuxcceel_sCsfoluolclry.t:
0 Deep_Color:0 Deep_Depth:0 xvycc:0
@@vo->hdr_ctrl.trans:0 HDMI_gen_dynamic_range_master_infoframe
@@set C1C0 to 2(BT709),set EC2EC1EC0 to 0
[    0.000000] Booting Linux on physical CPU 0x0
[    0.000000] Initializing cgroup subsys cpuset
[    0.000000] Initializing cgroup subsys cpu
[    0.000000] Initializing cgroup subsys cpuacct
[    0.000000] Linux version 4.4.18-g8bcbd8a-dirty (root@developer) (gcc version 4.9.4 (OpenWrt/Linaro GCC 4.9-2015.06 r48422) ) #1243 SMP Wed Oct 30 12:10:54 CST 2019
[    0.000000] Boot CPU: AArch64 Processor [410fd034]
[    0.000000] earlycon: E
 go back SET_HDMI!!
boot_info  0xa001f600 magic  0x2452544b en 1
boot_info.w 1920 h 1080
boot_addr  0x02600000
boot_osd_buffer_end: 0x81be80a0
w 1920, h 1080, img0  0x02600000, pitch0 7680
disp.x 0 y 0 w 1920 h 1080
PowerOnOSD~~
arly serial console at MMIO32 0x98007800 (options '')
[    0.000000] bootconsole [uart0] enabled
[    0.000000] cma: fdt region 0
[    0.000000] cma: Reserved 16 MiB at 0x0000000011000000
[    0.000000] psci: probing for conduit method from DT.
[    0.000000] psci: PSCIv0.1 detected in firmware.
[    0.000000] psci: Conflicting PSCI version detected.
[    0.000000] PERCPU: Embedded 20 pages/cpu @ffffffc03ff5e000 s45056 r8192 d28672 u81920
[    0.000000] Detected VIPT I-cache on CPU0
[    0.000000] CPU features: enabling workaround for ARM erratum 845719
[    0.000000] Built 1 zonelists in Zone order, mobility grouping on.  Total pages: 258048
[    0.000000] Kernel command line: rdinit=/sbin/init  mtdparts=RtkSFC:128k(factory),512k(uboot),320k(logo),1408k(afw),64k(dtb),7680k(kernel),5632k(initrd)  earlycon=uart8250,mmio32,0x98007800 console=ttyS0,115200 loglevel=7 U-boot=2015.07 (Oct 30 2019 - 12:11:10)
[    0.000000] PID hash table entries: 4096 (order: 3, 32768 bytes)
[    0.000000] Dentry cache hash table entries: 131072 (order: 8, 1048576 bytes)
[    0.000000] Inode-cache hash table entries: 65536 (order: 7, 524288 bytes)
[    0.000000] Memory: 574204K/1048576K available (11262K kernel code, 1231K rwdata, 3672K rodata, 576K init, 563K bss, 457988K reserved, 16384K cma-reserved)
[    0.000000] Virtual kernel memory layout:
[    0.000000]     modules : 0xffffff8000000000 - 0xffffff8008000000   (   128 MB)
[    0.000000]     vmalloc : 0xffffff8008000000 - 0xffffffbebfff0000   (   250 GB)
[    0.000000]       .init : 0xffffff8009120000 - 0xffffff80091b0000   (   576 KB)
[    0.000000]       .text : 0xffffff8008280000 - 0xffffff8008d80000   ( 11264 KB)
[    0.000000]     .rodata : 0xffffff8008d80000 - 0xffffff8009120000   (  3712 KB)
[    0.000000]       .data : 0xffffff80091b0000 - 0xffffff80092e3c48   (  1232 KB)
[    0.000000]     vmemmap : 0xffffffbefe7fd000 - 0xffffffbefec00000   (  4108 GB maximum)
[    0.000000]               0xffffffbefee00000 - 0xffffffbeffe00000   (    16 MB actual)
[    0.000000]     fixed   : 0xffffffbf00000000 - 0xffffffc000000000   (     4 KB)
[    0.000000]     PCI I/O : 0xffffffbf00000000 - 0xffffffbf01000000   (    16 MB)
[    0.000000]     memory  : 0xffffffc000000000 - 0xffffffc040000000   (  1024 MB)
[    0.000000] Hierarchical RCU implementation.
[    0.000000] 	CONFIG_RCU_FANOUT set to non-default value of 32
[    0.000000] NR_IRQS:64 nr_irqs:64 0
[    0.000000] Architected cp15 timer(s) running at 27.00MHz (phys).
[    0.000000] clocksource: arch_sys_counter: mask: 0xffffffffffffff max_cycles: 0x63a1e71a3, max_idle_ns: 440795203123 ns
[    0.000005] sched_clock: 56 bits at 27MHz, resolution 37ns, wraps every 4398046511093ns
[    0.009077] [RTK-TIMER0] set mode: CLOCK_EVT_MODE_SHUTDOWN
[    0.015249] [RTK-TIMER0] clocksource 0 register HZ
[    0.020637] clocksource: rtk_timer0_counter: mask: 0xffffffff max_cycles: 0xffffffff, max_idle_ns: 579169832313 ns
[    0.032319] [RTK-TIMER0] set mode: CLOCK_EVT_MODE_SHUTDOWN
[    0.038489] [RTK-TIMER1] set mode: CLOCK_EVT_MODE_SHUTDOWN
[    0.044659] [RTK-TIMER1] clocksource 1 register HZ
[    0.050048] clocksource: rtk_timer1_counter: mask: 0xffffffff max_cycles: 0xffffffff, max_idle_ns: 579169832313 ns
[    0.062031] [RTK_MEM_REMAP] initialized
[    0.066686] Console: colour dummy device 80x25
[    0.071697] Calibrating delay loop (skipped), value calculated using timer frequency.. 54.00 BogoMIPS (lpj=270000)
[    0.083362] pid_max: default: 32768 minimum: 301
[    0.088719] Mount-cache hash table entries: 2048 (order: 2, 16384 bytes)
[    0.096272] Mountpoint-cache hash table entries: 2048 (order: 2, 16384 bytes)
[    0.104907] Initializing cgroup subsys io
[    0.109435] Initializing cgroup subsys memory
[    0.114362] Initializing cgroup subsys devices
[    0.119366] Initializing cgroup subsys freezer
[    0.124382] Initializing cgroup subsys net_cls
[    0.129384] Initializing cgroup subsys perf_event
[    0.134693] Initializing cgroup subsys net_prio
[    0.139797] Initializing cgroup subsys hugetlb
[    0.144805] Initializing cgroup subsys pids
[    0.149779] ASID allocator initialised with 65536 entries
[    0.164042] pctrl-rtk: addr: 0x0802c00c [0x13fe8161 -> 0x137e8161], bit-diff = 0x00800000, mask = 0xec803012
[    0.175142] pctrl-rtk: addr: 0x0802e010 [0x5801e416 -> 0x58010414], bit-diff = 0x0000e002, mask = 0x0100e0a2
[    0.186232] pctrl-rtk: addr: 0x0803008c [0x00001f01 -> 0x00001901], bit-diff = 0x00000600, mask = 0x000006f8
[    0.197321] pctrl-rtk: addr: 0x08032000 [0xbfd81001 -> 0x9fd81001], bit-diff = 0x20000000, mask = 0x60000354
[    0.208412] pctrl-rtk: addr: 0x08034004 [0x1f840e01 -> 0x0f840e01], bit-diff = 0x10000000, mask = 0x507be1fc
[    0.219500] pctrl-rtk: addr: 0x08036050 [0x0000801f -> 0x0000801f], bit-diff = 0x00000000, mask = 0x00007020
[    0.230585] pctrl-rtk: addr: 0x08038088 [0x00001f80 -> 0x00001f80], bit-diff = 0x00000000, mask = 0x00002062
[    0.241697] pctrl-rtk: pctrl_ve1::POWER_OFF, ret = 0
[    0.247333] pctrl-rtk: pctrl_ve2::POWER_OFF, ret = 0
[    0.252982] pctrl-rtk: pctrl_ve3::POWER_OFF, ret = 0
[    0.258661] pctrl-rtk: pctrl_gpu::POWER_OFF, ret = 0
[    0.264323] pctrl-rtk: pctrl_gpu_core_1::POWER_OFF, ret = 0
[    0.270681] pctrl-rtk: pctrl_gpu_core_2::POWER_OFF, ret = 0
[    0.277058] pctrl-rtk: pctrl_gpu_core_3::POWER_OFF, ret = 0
[    0.283590] pctrl-rtk: pctrl_mhl3_en::POWER_OFF, ret = 0
[    0.290212] pctrl-rtk: pctrl_l4_icg_nand::ENABLE_HW_PM, ret = -1
[    0.297006] pctrl-rtk: pctrl_usb_p0_mac::POWER_ON, ret = 0
[    0.303236] pctrl-rtk: pctrl_usb_p0_phy::POWER_ON, ret = 0
[    0.309559] pctrl-rtk: pctrl_usb_p3_mac_A: rev not match
[    0.315575] pctrl-rtk: pctrl_usb_p3_mac::POWER_ON, ret = 0
[    0.321779] pctrl-rtk: pctrl_usb_p3_phy::POWER_ON, ret = 0
[    0.328163] pctrl-rtk: pctrl_cr::POWER_OFF, ret = 0
[    0.333750] reset-rtk: DEASSERT    0x0801c004 [0x0f840e01 -> 0x0f841e01] D 0x00001000, M 0x00001000
[    0.343944] reset-rtk: ASSERT      0x0801c004 [0x0f841e01 -> 0x0f840e01] D 0x00001000, M 0x00001000
[    0.354133] pctrl-rtk: pctrl_sdio::POWER_OFF, ret = 0
[    0.360138] pctrl-rtk: pctrl_pll_ve1::POWER_OFF, ret = 0
[    0.366914] Detected VIPT I-cache on CPU1
[    0.366959] CPU1: Booted secondary processor [410fd034]
[    0.367271] Detected VIPT I-cache on CPU2
[    0.367296] CPU2: Booted secondary processor [410fd034]
[    0.367601] Detected VIPT I-cache on CPU3
[    0.367628] CPU3: Booted secondary processor [410fd034]
[    0.367673] Brought up 4 CPUs
[    0.402172] SMP: Total of 4 processors activated.
[    0.407466] CPU: All CPU(s) started at EL2
[    0.412096] alternatives: patching kernel code
[    0.417592] devtmpfs: initialized
[    0.431678] clk-rtk: scpu,pll,workaround 34055501
[    0.436984] clk-rtk: scpu,pll,workaround 04038500
[    0.443431] clk-rtk: Failed to init pll_gpu, ret = -22
[    0.449287] clk-rtk: Failed to init pll_acpu, ret = -22
[    0.457793] clocksource: jiffies: mask: 0xffffffff max_cycles: 0xffffffff, max_idle_ns: 19112604462750000 ns
[    0.469802] xor: measuring software checksum speed
[    0.568925]    8regs     :  1489.200 MB/sec
[    0.668977]    8regs_prefetch:  1297.200 MB/sec
[    0.769029]    32regs    :  1816.000 MB/sec
[    0.869081]    32regs_prefetch:  1638.000 MB/sec
[    0.874277] xor: using function: 32regs (1816.000 MB/sec)
[    0.880375] pinctrl core: initialized pinctrl subsystem
[    0.886940] NET: Registered protocol family 16
[    0.893012] vdso: 2 pages (1 code @ ffffff8008d86000, 1 data @ ffffff80091b4000)
[    0.901364] hw-breakpoint: found 6 breakpoint and 4 watchpoint registers.
[    0.910032] DMA: preallocated 1024 KiB pool for atomic allocations
[    0.917304] rst-control : base ffffff8008242600, offset 0x40
[    0.923701] ****** rtk_lockapi_init 568, chip_revision = 0x00030000
[    0.930904] [PINCTRL] driver init
[    0.937335] [PINCTRL] init done
[    0.945889] [GPIO] No default gpio need to set
[    1.155029] raid6: int64x1  gen()   271 MB/s
[    1.324934] raid6: int64x1  xor()   263 MB/s
[    1.495094] raid6: int64x2  gen()   416 MB/s
[    1.665157] raid6: int64x2  xor()   351 MB/s
[    1.835318] raid6: int64x4  gen()   608 MB/s
[    2.005395] raid6: int64x4  xor()   447 MB/s
[    2.175576] raid6: int64x8  gen()   477 MB/s
[    2.345612] raid6: int64x8  xor()   372 MB/s
[    2.515767] raid6: neonx1   gen()   502 MB/s
[    2.685822] raid6: neonx1   xor()   490 MB/s
[    2.855947] raid6: neonx2   gen()   753 MB/s
[    3.026050] raid6: neonx2   xor()   639 MB/s
[    3.196135] raid6: neonx4   gen()  1026 MB/s
[    3.366246] raid6: neonx4   xor()   762 MB/s
[    3.536353] raid6: neonx8   gen()  1033 MB/s
[    3.706470] raid6: neonx8   xor()   781 MB/s
[    3.711272] raid6: using algorithm neonx8 gen() 1033 MB/s
[    3.717358] raid6: .... xor() 781 MB/s, rmw enabled
[    3.722843] raid6: using intx1 recovery algorithm
[    3.728263] ACPI: Interpreter disabled.
[    3.732813] [RTD129x_PM] Initial RTD129x Power Management Driver.
[    3.739998] [RTD129x_PM] wakeup-gpio Cnt: en(3) act(3) list(3)
[    3.746599] [RTD129x_PM] wakeup-gpio[0] Successful registration! (en:1 act:1 gpio:106)
[    3.755544] [RTD129x_PM] wakeup-gpio[1] States is disable! (en:0 act:0 gpio:115)
[    3.763912] [RTD129x_PM] wakeup-gpio[2] Successful registration! (en:1 act:0 gpio:134)
[    3.772837] [RTD129x_PM] gpio-output-change Cnt: en(0) act(0) list(-2)
[    3.780184] [RTD129x_PM] Set suspend-mode = ram
[    3.785287] [RTD129x_PM] Wakeup Flags Set Default : 0x2e
[    3.791270] RTD129x_PM 98000000.power-management: is system-power-controller
[    3.799566] SCSI subsystem initialized
[    3.803942] usbcore: registered new interface driver usbfs
[    3.810171] usbcore: registered new interface driver hub
[    3.816208] usbcore: registered new device driver usb
[    3.821978] rtk-usb-power-manager 98000000.rtk_usb_power_manager: ENTER rtk_usb_power_manager_probe
[    3.832287] rtk-usb-power-manager 98000000.rtk_usb_power_manager: rtk_dwc3_drd status is okay
[    3.841887] rtk-usb-power-manager 98000000.rtk_usb_power_manager: rtk_dwc3_u2host status is okay
[    3.851789] rtk-usb-power-manager 98000000.rtk_usb_power_manager: ehci status is okay
[    3.860607] rtk-usb-power-manager 98000000.rtk_usb_power_manager: ohci status is okay
[    3.869430] rtk-usb-power-manager 98000000.rtk_usb_power_manager: rtk_dwc3_u3host status is okay
[    3.879337] rtk-usb-power-manager 98000000.rtk_usb_power_manager: set usb_power_domain/p3 on
[    3.888895] reset-rtk: ASSERT      0x08028000 [0x9fd81001 -> 0x9fd81001] D 0x00000000, M 0x00000100
[    3.899088] reset-rtk: ASSERT      0x08028000 [0x9fd81001 -> 0x9fd81001] D 0x00000000, M 0x00000200
[    3.909280] reset-rtk: ASSERT      0x08028004 [0x0f840e01 -> 0x0f840e01] D 0x00000000, M 0x00000008
[    3.919473] reset-rtk: ASSERT      0x08028004 [0x0f840e01 -> 0x0f840e01] D 0x00000000, M 0x00000004
[    3.929665] reset-rtk: ASSERT      0x08028000 [0x9fd81001 -> 0x9fd81001] D 0x00000000, M 0x00000004
[    3.939861] reset-rtk: ASSERT      0x08028004 [0x0f840e01 -> 0x0f840e01] D 0x00000000, M 0x00000010
[    3.950054] reset-rtk: ASSERT      0x0801a000 [0x9fd81001 -> 0x9fd81001] D 0x00000000, M 0x00000010
[    3.960247] reset-rtk: ASSERT      0x0801c004 [0x0f840e01 -> 0x0f840e01] D 0x00000000, M 0x00000020
[    3.970437] reset-rtk: ASSERT      0x0801a000 [0x9fd81001 -> 0x9fd81001] D 0x00000000, M 0x00000040
[    3.983642] reset-rtk: DEASSERT    0x0801a000 [0x9fd81305 -> 0x9fd81315] D 0x00000010, M 0x00000010
[    3.993835] reset-rtk: DEASSERT    0x0801c004 [0x0f840e1d -> 0x0f840e3d] D 0x00000020, M 0x00000020
[    4.004028] reset-rtk: DEASSERT    0x0801a000 [0x9fd81315 -> 0x9fd81355] D 0x00000040, M 0x00000040
[    4.017226] rtk-usb-power-manager 98000000.rtk_usb_power_manager: Realtek USB init 5/5 OK (CRT_SOFT_RESET1=9fd81355, CRT_SOFT_RESET2=f840e3d, CRT_CLOCK_ENABLE1=137e8171)
[    4.034304] rtk-usb-power-manager 98000000.rtk_usb_power_manager: rtk_usb_power_manager_probe OK (take 170 ms)
[    4.047075] Linux video capture interface: v2.00
[    4.052572] Advanced Linux Sound Architecture Driver Initialized.
[    4.060353] clocksource: Switched to clocksource arch_sys_counter
[    4.110963] FS-Cache: Loaded
[    4.114687] pnp: PnP ACPI: disabled
[    4.118762] drivers/soc/realtek/rtd129x/rtk_ion_of.c rtk_ion_probe
[    4.126724] drivers/soc/realtek/rtd129x/rtk_ion_of.c rtk_ion_probe nr_heaps:5
[    4.139799] rtk_ion_probe: adding heap Audio of type 8 with 2600000@800000 (type:GEN_POOL)
[    4.324708] rtk_ion_probe: adding heap Media of type 7 with 11000000@1000000 (type:CMA_POOL)
[    4.335217] rtk_ion_probe: adding heap Media of type 7 with 12000000@a000000 (type:GEN_POOL)
[    4.345707] rtk_ion_probe: adding heap Media of type 7 with 2e00000@d200000 (type:GEN_POOL)
[    4.363014] NET: Registered protocol family 2
[    4.368399] TCP established hash table entries: 8192 (order: 4, 65536 bytes)
[    4.376491] TCP bind hash table entries: 8192 (order: 5, 131072 bytes)
[    4.384034] TCP: Hash tables configured (established 8192 bind 8192)
[    4.391266] UDP hash table entries: 512 (order: 2, 16384 bytes)
[    4.397958] UDP-Lite hash table entries: 512 (order: 2, 16384 bytes)
[    4.405355] NET: Registered protocol family 1
[    4.410569] RPC: Registered named UNIX socket transport module.
[    4.417232] RPC: Registered udp transport module.
[    4.422538] RPC: Registered tcp transport module.
[    4.427830] RPC: Registered tcp NFSv4.1 backchannel transport module.
[    4.435724] Trying to unpack rootfs image as initramfs...
[    6.515378] Freeing initrd memory: 4096K (ffffffc002200000 - ffffffc002600000)
[    6.524300] hw perfevents: enabled with armv8_pmuv3 PMU driver, 7 counters available
[    6.535397] futex hash table entries: 1024 (order: 5, 131072 bytes)
[    6.543102] HugeTLB registered 2 MB page size, pre-allocated 0 pages
[    6.550719] VFS: Disk quotas dquot_6.6.0
[    6.555189] VFS: Dquot-cache hash table entries: 512 (order 0, 4096 bytes)
[    6.563347] squashfs: version 4.0 (2009/01/31) Phillip Lougher
[    6.570693] FS-Cache: Netfs 'nfs' registered for caching
[    6.576865] NFS: Registering the id_resolver key type
[    6.582592] Key type id_resolver registered
[    6.587298] Key type id_legacy registered
[    6.591834] nfs4filelayout_init: NFSv4 File Layout Driver Registering...
[    6.599390] Installing knfsd (copyright (C) 1996 okir@monad.swb.de).
[    6.606965] FS-Cache: Netfs 'cifs' registered for caching
[    6.613116] Key type cifs.spnego registered
[    6.617833] Key type cifs.idmap registered
[    6.622481] ntfs: driver 2.1.32 [Flags: R/W].
[    6.627421] jffs2: version 2.2. (NAND) (SUMMARY)  Â© 2001-2006 Red Hat, Inc.
[    6.635416] fuse init (API version 7.23)
[    6.640115] JFS: nTxBlock = 4645, nTxLock = 37167
[    6.650608] SGI XFS with ACLs, security attributes, realtime, debug enabled
[    6.659072] NILFS version 2 loaded
[    6.663901] gfs2: GFS2 installed
[    6.667600] FS-Cache: Netfs 'ceph' registered for caching
[    6.673705] ceph: loaded (mds proto 32)
[    6.680911] NET: Registered protocol family 38
[    6.685992] Block layer SCSI generic (bsg) driver version 0.4 loaded (major 252)
[    6.694426] io scheduler noop registered
[    6.698842] io scheduler deadline registered
[    6.703681] io scheduler cfq registered (default)
[    6.709561] --- debug : rtd1295_pwm_probe ---- 
[    6.714695] --- set_real_freq_by_target_div debug : real_freq=26367, osd=1, ocd=255
[    6.723326] --- debug : rtd1295_pwm_probe - hwpwm=(0) enable=(1) duty_rate=(50) clksrc_div=(1) clkout_div=(255)---  
[    6.735177] --- debug : rtd1295_pwm_probe - defualt output frequence = 26367Hz ---  
[    6.743902] --- set_real_freq_by_target_div debug : real_freq=26367, osd=1, ocd=255
[    6.752530] --- debug : rtd1295_pwm_probe - hwpwm=(1) enable=(1) duty_rate=(50) clksrc_div=(1) clkout_div=(255)---  
[    6.764388] --- debug : rtd1295_pwm_probe - defualt output frequence = 26367Hz ---  
[    6.773116] --- set_real_freq_by_target_div debug : real_freq=26367, osd=1, ocd=255
[    6.781743] --- debug : rtd1295_pwm_probe - hwpwm=(2) enable=(0) duty_rate=(50) clksrc_div=(1) clkout_div=(255)---  
[    6.793597] --- debug : rtd1295_pwm_probe - defualt output frequence = 26367Hz ---  
[    6.802323] --- set_real_freq_by_target_div debug : real_freq=26367, osd=1, ocd=255
[    6.810951] --- debug : rtd1295_pwm_probe - hwpwm=(3) enable=(0) duty_rate=(50) clksrc_div=(1) clkout_div=(255)---  
[    6.822802] --- debug : rtd1295_pwm_probe - defualt output frequence = 26367Hz ---  
[    6.831694] --- debug : pwm_set_register -- set index 0 OCD=255,CD=127,CSD=1
[    6.839630] --- debug :  ---- pwm_set_register --- done! 
[    6.845713] --- debug : pwm_set_register -- set index 1 OCD=255,CD=127,CSD=1
[    6.853656] --- debug :  ---- pwm_set_register --- done! 
[    6.859729] --- debug : pwm_set_register -- set index 2 OCD=0,CD=0,CSD=0
[    6.867278] --- debug :  ---- pwm_set_register --- done! 
[    6.873357] --- debug : pwm_set_register -- set index 3 OCD=0,CD=0,CSD=0
[    6.880906] --- debug :  ---- pwm_set_register --- done! 
[    6.886978] --- debug : rtd1295_pwm_probe --  done! !
[    6.892961] [drivers/video/fbdev/rtk/rtk_fb.c rtk_fb_probe] 
[    6.892961] 
[    6.902735] [drivers/video/fbdev/rtk/rtk_fb.c rtk_fb_update_by_memory] [1920 x 1080] addr:0xf02e000 size:0xfd2000 irq:0
[    6.902735] 
[    6.917531] [drivers/video/fbdev/rtk/rtk_fb.c rtk_fb_update_by_memory] numberofbuffers 2
[    6.917531] 
[    6.929292] I/DC: ALLOC DC INFO BUFFER!
[    6.933612] I/DC: rpc_common_base:ffffff800800c000 ipc:ffffff800800c0c4
[    6.941155] I/DC: [DC_Init 1808]
[    6.982755] Console: switching to colour frame buffer device 240x67
[    7.027641] [drivers/video/fbdev/rtk/rtk_vfb.c rtk_vfb_probe] 
[    7.027641] 
[    7.038620] [drivers/video/fbdev/rtk/rtk_vfb.c rtk_vfb_update_by_memory] [3840 x 2160] addr:0xc0b7000 size:0x2f77000 irq:0
[    7.038620] 
[    7.053716] [drivers/video/fbdev/rtk/rtk_vfb.c rtk_vfb_update_by_memory] numberofbuffers 3
[    7.053716] 
[    7.065673] I/DC: [DC_Init 1808]
[    7.069909] corectrl: CPU List = [ 1-3 ]
[    7.074641] [SB2 DBG][sb2_dbg_init] Info 0x30000
[    7.079836] [SB2 DBG][sb2_dbg_init] initialized
[    7.085095] reset-rtk: DEASSERT    0x08022088 [0x00001f80 -> 0x00001f82] D 0x00000002, M 0x00000002
[    7.095667] input: venus_IR_input as /devices/virtual/input/input0
[    7.102899] rpc is not paused & suspended
[    7.109182] rpc_int_base:ffffff8008276104 irq:25
[    7.114278] [PUWRAP] begin pu_init
[    7.118297] [PUWRAP] end pu_init result=0x0
[    7.123114] [PUWRAP] pu_probe
[    7.126474] [PUWRAP] success to probe pu wrapper device with USE_ION_ALLOCATOR
[    7.134915] res.start:0x98007000, bonding_value:0x0
[    7.140449] [VPUDRV] : get clock controller s_vpu_clk_ve1=0xffffffc03d7b3980
[    7.148393] [VPUDRV] : get clock contr
[ROS: openRPC() intr_scpu_dev_r buf  0x00e2ffa1 s  0x00e2ffa1 e  0x00e4ffa1 i  0x00e2ffa1
[ROS: openRPC() kern_scpu_dev_r buf  0x00f2ffa1 s  0x00f2ffa1 e  0x00f4ffa1 i  0x00f2ffa1
[ROS: openStubRPC() intr_w buf  0x00e6ffa1 s  0x00e6ffa1 e  0x00e8ffa1 i  0x00e6ffa1
[ROS: openStubRPC() kern_w buf  0x00f4ffa1 s  0x00f4ffa1 e  0x00f6ffa1 i  0x00f4ffa1[AVCPU] Set Debug level flag  0x81bf32ac *flag  0x01bdf10c ucache  0xa1bdf10c 
[AVCPU] Set Debug level *ptrDebugFlag  0x00000001 
-------------------
Audio Version = 33b72e6c50f903ac4e25f744f61b96bc925a2e32 (KylinAudio Commit Date = Sep 17 09:11:59 2018
Common Version = 16728dabf73aaed6492e39c52f131775582f8b1e
Binary src compiled at Sep 17 2018 15:37:36
Note = 
-------------------




[A] gloabl malloc size  0x003ffd48 
oller s_vpu_clk_ve2=0xffffffc03d7b3900
[    7.222612] AudioIntrRead:154 can't find process for handling AudioIntrRead programID:98
[    7.235923] reset-rtk: DEASSERT    0x0801a000 [0x9fd81355 -> 0x9fd83355] D 0x00002000, M 0x00002000
[    7.246124] reset-rtk: DEASSERT    0x0801a000 [0x9fd83355 -> 0x9fd87355] D 0x00004000, M 0x00004000
[    7.256485] VE3: ve3_probe
[    7.259541] VE3 : base address get from DTB physical base addr=0x98048000, virtual base=0xffffff80093e8000, size=0x4000(actually=0x424)
[    7.273398] VE3: get clock controller s_ve3_clk=0xffffffc03d7b3280
[    7.280370] ve3_pctrl_on
[    7.283221] reset-rtk: ASSERT      0x0801a000 [0x9fd87355 -> 0x9fd87355] D 0x00000000, M 0x00008000
[    7.293420] reset-rtk: DEASSERT    0x0801a000 [0x9fd87355 -> 0x9fd8f355] D 0x00008000, M 0x00008000
[    7.303623] reset-rtk: DEASSERT    0x0801a000 [0x9fd8f355 -> 0x9fd8f355] D 0x00000000, M 0x00008000
[    7.330365] Get cti: 0x13
[    7.333307] VE3: dec kernel module. 
[    7.337328] VE3: Init single core at 0x        98048000 IRQ=20
[    7.343909] VE3: core[0] has HEVC
[    7.343912] VE3: core[0] has VP9
[    7.343914] VE3: core[0] has PP
[    7.344287] VE3: module inserted. Major = 0
[    7.344292] ve3_pctrl_off
[    7.344357] memalloc: Linear Memory Allocator
[    7.344583] jpu_probe
[    7.344608] [JPUDRV] : jpu base address get from DTB physical base addr=0x9803e000, virtual base=0xffffff80093fa000, size=0x1000
[    7.344724] [JPUDRV] : get clock controller s_jpu_clk=0xffffffc03d7c3a00
[    7.344734] reset-rtk: DEASSERT    0x0801c004 [0x0f840e3d -> 0x0f840e3f] D 0x00000002, M 0x00000002
[    7.344755] s_jpu_irq:17 want to register jpu_irq_handler
[    7.344793] [JPUDRV] success to probe jpu device with non reserved video memory
[    7.344799] reset-rtk: ASSERT      0x0801c004 [0x0f840e3f -> 0x0f840e3d] D 0x00000002, M 0x00000002
[    7.344862] jpu_init
[    7.344864] end jpu_init result=0x0
[    7.344973] misc rtk_lockapi: registered.
[    7.345574] gmt-g2227 0-0012: g2227 version 03
[    7.351283] Serial: 8250/16550 driver, 4 ports, IRQ sharing disabled
[    7.352465] console [ttyS0] disabled
[    7.452254] 98007800.serial0: ttyS0 at MMIO 0x98007800 (irq = 194, base_baud = 1687500) is a 16550A
[    7.462478] console [ttyS0] enabled
